Archive member included because of file (symbol)

/Users/Gon/Library/Application Support/Pebble SDK/SDKs/current/sdk-core/pebble/aplite/lib/libpebble.a(tmp1DSiDppebble.o)
                              src/simply/simply_accel.c.22.o (accel_data_service_unsubscribe)
/Users/Gon/Projects/pebble/pebble-dev/pebble-sdk-4.2-mac/arm-cs-tools/bin/../lib/gcc/arm-none-eabi/4.7.2/thumb2/libgcc.a(_aeabi_ldivmod.o)
                              src/simply/simply_menu.c.22.o (__aeabi_ldivmod)
/Users/Gon/Projects/pebble/pebble-dev/pebble-sdk-4.2-mac/arm-cs-tools/bin/../lib/gcc/arm-none-eabi/4.7.2/thumb2/libgcc.a(bpabi.o)
                              /Users/Gon/Projects/pebble/pebble-dev/pebble-sdk-4.2-mac/arm-cs-tools/bin/../lib/gcc/arm-none-eabi/4.7.2/thumb2/libgcc.a(_aeabi_ldivmod.o) (__gnu_ldivmod_helper)
/Users/Gon/Projects/pebble/pebble-dev/pebble-sdk-4.2-mac/arm-cs-tools/bin/../lib/gcc/arm-none-eabi/4.7.2/thumb2/libgcc.a(_dvmd_tls.o)
                              /Users/Gon/Projects/pebble/pebble-dev/pebble-sdk-4.2-mac/arm-cs-tools/bin/../lib/gcc/arm-none-eabi/4.7.2/thumb2/libgcc.a(_aeabi_ldivmod.o) (__aeabi_ldiv0)
/Users/Gon/Projects/pebble/pebble-dev/pebble-sdk-4.2-mac/arm-cs-tools/bin/../lib/gcc/arm-none-eabi/4.7.2/thumb2/libgcc.a(_divdi3.o)
                              /Users/Gon/Projects/pebble/pebble-dev/pebble-sdk-4.2-mac/arm-cs-tools/bin/../lib/gcc/arm-none-eabi/4.7.2/thumb2/libgcc.a(bpabi.o) (__divdi3)
/Users/Gon/Projects/pebble/pebble-dev/pebble-sdk-4.2-mac/arm-cs-tools/bin/../lib/gcc/arm-none-eabi/4.7.2/thumb2/libgcc.a(_udivdi3.o)
                              /Users/Gon/Projects/pebble/pebble-dev/pebble-sdk-4.2-mac/arm-cs-tools/bin/../lib/gcc/arm-none-eabi/4.7.2/thumb2/libgcc.a(bpabi.o) (__udivdi3)
/Users/Gon/Projects/pebble/pebble-dev/pebble-sdk-4.2-mac/arm-cs-tools/bin/../lib/gcc/arm-none-eabi/4.7.2/thumb2/libgcc.a(_udivsi3.o)
                              /Users/Gon/Projects/pebble/pebble-dev/pebble-sdk-4.2-mac/arm-cs-tools/bin/../lib/gcc/arm-none-eabi/4.7.2/thumb2/libgcc.a(_divdi3.o) (__aeabi_uidiv)

Discarded input sections

 .text          0x0000000000000000        0x0 /Users/Gon/Projects/pebble/pebble-dev/pebble-sdk-4.2-mac/arm-cs-tools/bin/../lib/gcc/arm-none-eabi/4.7.2/thumb2/crti.o
 .bss           0x0000000000000000        0x0 /Users/Gon/Projects/pebble/pebble-dev/pebble-sdk-4.2-mac/arm-cs-tools/bin/../lib/gcc/arm-none-eabi/4.7.2/thumb2/crti.o
 .init          0x0000000000000000        0x4 /Users/Gon/Projects/pebble/pebble-dev/pebble-sdk-4.2-mac/arm-cs-tools/bin/../lib/gcc/arm-none-eabi/4.7.2/thumb2/crti.o
 .fini          0x0000000000000000        0x4 /Users/Gon/Projects/pebble/pebble-dev/pebble-sdk-4.2-mac/arm-cs-tools/bin/../lib/gcc/arm-none-eabi/4.7.2/thumb2/crti.o
 .text          0x0000000000000000       0xc8 /Users/Gon/Projects/pebble/pebble-dev/pebble-sdk-4.2-mac/arm-cs-tools/bin/../lib/gcc/arm-none-eabi/4.7.2/thumb2/crtbegin.o
 .bss           0x0000000000000000       0x1c /Users/Gon/Projects/pebble/pebble-dev/pebble-sdk-4.2-mac/arm-cs-tools/bin/../lib/gcc/arm-none-eabi/4.7.2/thumb2/crtbegin.o
 .init_array    0x0000000000000000        0x4 /Users/Gon/Projects/pebble/pebble-dev/pebble-sdk-4.2-mac/arm-cs-tools/bin/../lib/gcc/arm-none-eabi/4.7.2/thumb2/crtbegin.o
 .fini_array    0x0000000000000000        0x4 /Users/Gon/Projects/pebble/pebble-dev/pebble-sdk-4.2-mac/arm-cs-tools/bin/../lib/gcc/arm-none-eabi/4.7.2/thumb2/crtbegin.o
 .eh_frame      0x0000000000000000        0x0 /Users/Gon/Projects/pebble/pebble-dev/pebble-sdk-4.2-mac/arm-cs-tools/bin/../lib/gcc/arm-none-eabi/4.7.2/thumb2/crtbegin.o
 .jcr           0x0000000000000000        0x0 /Users/Gon/Projects/pebble/pebble-dev/pebble-sdk-4.2-mac/arm-cs-tools/bin/../lib/gcc/arm-none-eabi/4.7.2/thumb2/crtbegin.o
 .tm_clone_table
                0x0000000000000000        0x0 /Users/Gon/Projects/pebble/pebble-dev/pebble-sdk-4.2-mac/arm-cs-tools/bin/../lib/gcc/arm-none-eabi/4.7.2/thumb2/crtbegin.o
 .text          0x0000000000000000        0x0 src/main.c.22.o
 .bss           0x0000000000000000        0x0 src/main.c.22.o
 .text          0x0000000000000000        0x0 src/simply/simply.c.22.o
 .bss           0x0000000000000000        0x0 src/simply/simply.c.22.o
 .text          0x0000000000000000        0x0 src/simply/simply_accel.c.22.o
 .bss           0x0000000000000000        0x0 src/simply/simply_accel.c.22.o
 .text          0x0000000000000000        0x0 src/simply/simply_menu.c.22.o
 .bss           0x0000000000000000        0x0 src/simply/simply_menu.c.22.o
 .text          0x0000000000000000        0x0 src/simply/simply_msg.c.22.o
 .bss           0x0000000000000000        0x0 src/simply/simply_msg.c.22.o
 .text          0x0000000000000000        0x0 src/simply/simply_res.c.22.o
 .bss           0x0000000000000000        0x0 src/simply/simply_res.c.22.o
 .text.id_filter
                0x0000000000000000        0xa src/simply/simply_res.c.22.o
 .text.simply_res_remove_image
                0x0000000000000000       0x18 src/simply/simply_res.c.22.o
[...]
Memory Configuration

Name             Origin             Length             Attributes
APP              0x0000000000000000 0x0000000000006000 xrw
*default*        0x0000000000000000 0xffffffffffffffff

Linker script and memory map

LOAD /Users/Gon/Projects/pebble/pebble-dev/pebble-sdk-4.2-mac/arm-cs-tools/bin/../lib/gcc/arm-none-eabi/4.7.2/thumb2/crti.o
LOAD /Users/Gon/Projects/pebble/pebble-dev/pebble-sdk-4.2-mac/arm-cs-tools/bin/../lib/gcc/arm-none-eabi/4.7.2/thumb2/crtbegin.o
LOAD src/main.c.22.o
LOAD src/simply/simply.c.22.o
LOAD src/simply/simply_accel.c.22.o
LOAD src/simply/simply_menu.c.22.o
LOAD src/simply/simply_msg.c.22.o
LOAD src/simply/simply_res.c.22.o
LOAD src/simply/simply_splash.c.22.o
LOAD src/simply/simply_stage.c.22.o
LOAD src/simply/simply_ui.c.22.o
LOAD src/simply/simply_voice.c.22.o
LOAD src/simply/simply_wakeup.c.22.o
LOAD src/simply/simply_window.c.22.o
LOAD src/simply/simply_window_stack.c.22.o
LOAD aplite/appinfo.auto.c.22.o
LOAD /Users/Gon/Library/Application Support/Pebble SDK/SDKs/current/sdk-core/pebble/aplite/lib/libpebble.a
START GROUP
LOAD /Users/Gon/Projects/pebble/pebble-dev/pebble-sdk-4.2-mac/arm-cs-tools/bin/../lib/gcc/arm-none-eabi/4.7.2/thumb2/libgcc.a
LOAD /Users/Gon/Projects/pebble/pebble-dev/pebble-sdk-4.2-mac/arm-cs-tools/bin/../lib/gcc/arm-none-eabi/4.7.2/../../../../arm-none-eabi/lib/thumb2/libc.a
END GROUP
LOAD /Users/Gon/Projects/pebble/pebble-dev/pebble-sdk-4.2-mac/arm-cs-tools/bin/../lib/gcc/arm-none-eabi/4.7.2/thumb2/crtend.o
LOAD /Users/Gon/Projects/pebble/pebble-dev/pebble-sdk-4.2-mac/arm-cs-tools/bin/../lib/gcc/arm-none-eabi/4.7.2/thumb2/crtn.o

.header         0x0000000000000000       0x82
 *(.pbl_header)
 .pbl_header    0x0000000000000000       0x82 aplite/appinfo.auto.c.22.o
                0x0000000000000000                __pbl_app_info

.note.gnu.build-id
                0x0000000000000082       0x26
                0x0000000000000082                PROVIDE (BUILD_ID, .)
 *(.note.gnu.build-id)
 *fill*         0x0000000000000082        0x2 
 .note.gnu.build-id
                0x0000000000000084       0x24 linker stubs

.text           0x00000000000000a8     0x41e7
 *(.text)
 .text          0x00000000000000a8       0x14 /Users/Gon/Library/Application Support/Pebble SDK/SDKs/current/sdk-core/pebble/aplite/lib/libpebble.a(tmp1DSiDppebble.o)
 .text          0x00000000000000bc       0x38 /Users/Gon/Projects/pebble/pebble-dev/pebble-sdk-4.2-mac/arm-cs-tools/bin/../lib/gcc/arm-none-eabi/4.7.2/thumb2/libgcc.a(_aeabi_ldivmod.o)
                0x00000000000000bc                __aeabi_ldivmod
 .text          0x00000000000000f4       0x60 /Users/Gon/Projects/pebble/pebble-dev/pebble-sdk-4.2-mac/arm-cs-tools/bin/../lib/gcc/arm-none-eabi/4.7.2/thumb2/libgcc.a(bpabi.o)
                0x00000000000000f4                __gnu_ldivmod_helper
                0x0000000000000124                __gnu_uldivmod_helper
 .text          0x0000000000000154        0x4 /Users/Gon/Projects/pebble/pebble-dev/pebble-sdk-4.2-mac/arm-cs-tools/bin/../lib/gcc/arm-none-eabi/4.7.2/thumb2/libgcc.a(_dvmd_tls.o)
                0x0000000000000154                __aeabi_ldiv0
                0x0000000000000154                __aeabi_idiv0
 .text          0x0000000000000158      0x36c /Users/Gon/Projects/pebble/pebble-dev/pebble-sdk-4.2-mac/arm-cs-tools/bin/../lib/gcc/arm-none-eabi/4.7.2/thumb2/libgcc.a(_divdi3.o)
                0x0000000000000158                __divdi3
 .text          0x00000000000004c4      0x314 /Users/Gon/Projects/pebble/pebble-dev/pebble-sdk-4.2-mac/arm-cs-tools/bin/../lib/gcc/arm-none-eabi/4.7.2/thumb2/libgcc.a(_udivdi3.o)
                0x00000000000004c4                __udivdi3
 .text          0x00000000000007d8      0x278 /Users/Gon/Projects/pebble/pebble-dev/pebble-sdk-4.2-mac/arm-cs-tools/bin/../lib/gcc/arm-none-eabi/4.7.2/thumb2/libgcc.a(_udivsi3.o)
                0x00000000000007d8                __udivsi3
                0x00000000000007d8                __aeabi_uidiv
                0x0000000000000a34                __aeabi_uidivmod
 *(.text.*)
 .text.startup.main
                0x0000000000000a50       0x16 src/main.c.22.o
                0x0000000000000a50                main
 .text.simply_init
                0x0000000000000a66       0x60 src/simply/simply.c.22.o
                0x0000000000000a66                simply_init
 .text.simply_deinit
                0x0000000000000ac6       0x38 src/simply/simply.c.22.o
                0x0000000000000ac6                simply_deinit
 .text.handle_accel_tap
                0x0000000000000afe       0x1e src/simply/simply_accel.c.22.o
 .text.send_accel_data.isra.1
                0x0000000000000b1c       0x4a src/simply/simply_accel.c.22.o
 .text.handle_accel_data
                0x0000000000000b66        0x6 src/simply/simply_accel.c.22.o
 .text.accel_peek_timer_callback
                0x0000000000000b6c       0x40 src/simply/simply_accel.c.22.o
 .text.simply_accel_handle_packet
                0x0000000000000bac       0x6c src/simply/simply_accel.c.22.o
                0x0000000000000bac                simply_accel_handle_packet
 .text.simply_accel_create
                0x0000000000000c18       0x38 src/simply/simply_accel.c.22.o
                0x0000000000000c18                simply_accel_create
 .text.simply_accel_destroy
                0x0000000000000c50       0x20 src/simply/simply_accel.c.22.o
                0x0000000000000c50                simply_accel_destroy
 .text.list1_remove
                0x0000000000000c70       0x32 src/simply/simply_menu.c.22.o
 .text.prv_section_filter
                0x0000000000000ca2        0xc src/simply/simply_menu.c.22.o
 .text.prv_item_filter
                0x0000000000000cae       0x1a src/simply/simply_menu.c.22.o
 .text.prv_request_item_filter
                0x0000000000000cc8        0xc src/simply/simply_menu.c.22.o
 .text.prv_menu_get_num_sections_callback
                0x0000000000000cd4        0x4 src/simply/simply_menu.c.22.o
 .text.prv_free_title
                0x0000000000000cd8       0x20 src/simply/simply_menu.c.22.o
 .text.prv_destroy_section
                0x0000000000000cf8       0x20 src/simply/simply_menu.c.22.o
 .text.prv_destroy_item
                0x0000000000000d18       0x28 src/simply/simply_menu.c.22.o
 .text.prv_menu_window_unload
                0x0000000000000d40       0x1c src/simply/simply_menu.c.22.o
 .text.prv_reload_data
                0x0000000000000d5c        0xa src/simply/simply_menu.c.22.o
 .text.simply_menu_clear
                0x0000000000000d66       0x28 src/simply/simply_menu.c.22.o
 .text.prv_menu_window_disappear
                0x0000000000000d8e       0x22 src/simply/simply_menu.c.22.o
 .text.prv_menu_window_appear
                0x0000000000000db0        0xe src/simply/simply_menu.c.22.o
 .text.prv_single_click_handler
                0x0000000000000dbe       0x1a src/simply/simply_menu.c.22.o
 .text.gpoint_polar
                0x0000000000000dd8       0x34 src/simply/simply_menu.c.22.o
 .text.prv_mark_dirty
                0x0000000000000e0c       0x14 src/simply/simply_menu.c.22.o
 .text.strdup2  0x0000000000000e20       0x44 src/simply/simply_menu.c.22.o
 .text.prv_menu_window_load
                0x0000000000000e64       0xf0 src/simply/simply_menu.c.22.o
 .text.list1_find_prev.constprop.8
                0x0000000000000f54       0x1c src/simply/simply_menu.c.22.o
 .text.refresh_spinner_timer
                0x0000000000000f70       0x2c src/simply/simply_menu.c.22.o
 .text.spinner_timer_callback
                0x0000000000000f9c       0x16 src/simply/simply_menu.c.22.o
 *fill*         0x0000000000000fb2        0x2 
 .text.prv_click_config_provider
                0x0000000000000fb4       0x24 src/simply/simply_menu.c.22.o
 .text.prv_add_item
                0x0000000000000fd8       0x58 src/simply/simply_menu.c.22.o
 .text.prv_get_menu_section
                0x0000000000001030       0x10 src/simply/simply_menu.c.22.o
 .text.prv_menu_get_num_rows_callback
                0x0000000000001040       0x12 src/simply/simply_menu.c.22.o
 *fill*         0x0000000000001052        0x2 
 .text.prv_menu_get_header_height_callback
                0x0000000000001054       0x24 src/simply/simply_menu.c.22.o
 .text.prv_menu_select_long_click_callback
                0x0000000000001078       0x22 src/simply/simply_menu.c.22.o
 .text.prv_menu_select_click_callback
                0x000000000000109a       0x22 src/simply/simply_menu.c.22.o
 .text.prv_add_section
                0x00000000000010bc       0x50 src/simply/simply_menu.c.22.o
 .text.prv_request_menu_section.part.2
                0x000000000000110c       0x3e src/simply/simply_menu.c.22.o
 *fill*         0x000000000000114a        0x2 
 .text.prv_menu_draw_row_callback
                0x000000000000114c      0x274 src/simply/simply_menu.c.22.o
 .text.prv_menu_draw_header_callback
                0x00000000000013c0       0xc4 src/simply/simply_menu.c.22.o
 .text.simply_menu_handle_packet
                0x0000000000001484      0x1ec src/simply/simply_menu.c.22.o
                0x0000000000001484                simply_menu_handle_packet
 .text.simply_menu_create
                0x0000000000001670       0x3c src/simply/simply_menu.c.22.o
                0x0000000000001670                simply_menu_create
 .text.simply_menu_destroy
                0x00000000000016ac       0x16 src/simply/simply_menu.c.22.o
                0x00000000000016ac                simply_menu_destroy
 .text.list1_remove
                0x00000000000016c2       0x32 src/simply/simply_msg.c.22.o
 .text.dropped_callback
                0x00000000000016f4        0x2 src/simply/simply_msg.c.22.o
 .text.sent_callback
                0x00000000000016f6        0x2 src/simply/simply_msg.c.22.o
 .text.send_msg
                0x00000000000016f8       0x30 src/simply/simply_msg.c.22.o
 .text.handle_packet
                0x0000000000001728      0x18e src/simply/simply_msg.c.22.o
 *fill*         0x00000000000018b6        0x2 
 .text.received_callback
                0x00000000000018b8       0x38 src/simply/simply_msg.c.22.o
 .text.send_msg_retry
                0x00000000000018f0       0xb8 src/simply/simply_msg.c.22.o
 .text.simply_msg_has_communicated
                0x00000000000019a8        0xc src/simply/simply_msg.c.22.o
                0x00000000000019a8                simply_msg_has_communicated
 .text.simply_msg_show_disconnected
                0x00000000000019b4       0x58 src/simply/simply_msg.c.22.o
                0x00000000000019b4                simply_msg_show_disconnected
 .text.failed_callback
                0x0000000000001a0c       0x18 src/simply/simply_msg.c.22.o
 .text.simply_msg_create
                0x0000000000001a24       0x6c src/simply/simply_msg.c.22.o
                0x0000000000001a24                simply_msg_create
 .text.simply_msg_destroy
                0x0000000000001a90       0x1c src/simply/simply_msg.c.22.o
                0x0000000000001a90                simply_msg_destroy
 .text.simply_msg_send
                0x0000000000001aac        0x4 src/simply/simply_msg.c.22.o
                0x0000000000001aac                simply_msg_send
 .text.simply_msg_send_packet
                0x0000000000001ab0       0x84 src/simply/simply_msg.c.22.o
                0x0000000000001ab0                simply_msg_send_packet
 .text.list1_remove
                0x0000000000001b34       0x32 src/simply/simply_res.c.22.o
 .text.destroy_image
                0x0000000000001b66       0x22 src/simply/simply_res.c.22.o
 .text.malloc0  0x0000000000001b88       0x18 src/simply/simply_res.c.22.o
 .text.window_stack_schedule_top_window_render
                0x0000000000001ba0       0x12 src/simply/simply_res.c.22.o
 .text.setup_image
                0x0000000000001bb2       0x64 src/simply/simply_res.c.22.o
 .text.create_bitmap_with_png_data
                0x0000000000001c16        0xc src/simply/simply_res.c.22.o
 .text.create_bitmap_with_id
                0x0000000000001c22       0x12 src/simply/simply_res.c.22.o
 .text.simply_res_evict_image
                0x0000000000001c34       0x1a src/simply/simply_res.c.22.o
                0x0000000000001c34                simply_res_evict_image
 .text.create_image
                0x0000000000001c4e       0x48 src/simply/simply_res.c.22.o
 *fill*         0x0000000000001c96        0x2 
 .text.simply_res_add_bundled_image
                0x0000000000001c98       0x28 src/simply/simply_res.c.22.o
                0x0000000000001c98                simply_res_add_bundled_image
 .text.simply_res_add_image
                0x0000000000001cc0       0x64 src/simply/simply_res.c.22.o
                0x0000000000001cc0                simply_res_add_image
 .text.simply_res_auto_image
                0x0000000000001d24       0x42 src/simply/simply_res.c.22.o
                0x0000000000001d24                simply_res_auto_image
 .text.simply_res_add_custom_font
                0x0000000000001d66       0x40 src/simply/simply_res.c.22.o
                0x0000000000001d66                simply_res_add_custom_font
 .text.simply_res_auto_font
                0x0000000000001da6       0x2a src/simply/simply_res.c.22.o
                0x0000000000001da6                simply_res_auto_font
 .text.simply_res_clear
                0x0000000000001dd0       0x34 src/simply/simply_res.c.22.o
                0x0000000000001dd0                simply_res_clear
 .text.simply_res_create
                0x0000000000001e04       0x2a src/simply/simply_res.c.22.o
                0x0000000000001e04                simply_res_create
 .text.simply_res_destroy
                0x0000000000001e2e       0x12 src/simply/simply_res.c.22.o
                0x0000000000001e2e                simply_res_destroy
 .text.window_load
                0x0000000000001e40       0x12 src/simply/simply_splash.c.22.o
 .text.layer_update_callback
                0x0000000000001e52       0x24 src/simply/simply_splash.c.22.o
                0x0000000000001e52                layer_update_callback
 *fill*         0x0000000000001e76        0x2 
 .text.simply_splash_create
                0x0000000000001e78       0x78 src/simply/simply_splash.c.22.o
                0x0000000000001e78                simply_splash_create
 .text.simply_splash_destroy
                0x0000000000001ef0       0x20 src/simply/simply_splash.c.22.o
                0x0000000000001ef0                simply_splash_destroy
 .text.window_disappear
                0x0000000000001f10       0x1a src/simply/simply_splash.c.22.o
 .text.list1_remove
                0x0000000000001f2a       0x32 src/simply/simply_stage.c.22.o
 .text.element_frame_getter
                0x0000000000001f5c       0x10 src/simply/simply_stage.c.22.o
 .text.window_unload
                0x0000000000001f6c       0x1e src/simply/simply_stage.c.22.o
 .text.destroy_animation
                0x0000000000001f8a       0x24 src/simply/simply_stage.c.22.o
 *fill*         0x0000000000001fae        0x2 
 .text.simply_stage_update_ticker
                0x0000000000001fb0       0x2c src/simply/simply_stage.c.22.o
 .text.simply_stage_clear
                0x0000000000001fdc       0x52 src/simply/simply_stage.c.22.o
 .text.window_disappear
                0x000000000000202e       0x22 src/simply/simply_stage.c.22.o
 .text.handle_tick
                0x0000000000002050       0x12 src/simply/simply_stage.c.22.o
 .text.simply_stage_update
                0x0000000000002062        0xa src/simply/simply_stage.c.22.o
 .text.window_appear
                0x000000000000206c       0x16 src/simply/simply_stage.c.22.o
 *fill*         0x0000000000002082        0x2 
 .text.window_load
                0x0000000000002084       0x60 src/simply/simply_stage.c.22.o
 .text.simply_stage_remove_element
                0x00000000000020e4       0x24 src/simply/simply_stage.c.22.o
 .text.simply_stage_set_element_frame.isra.12
                0x0000000000002108       0x38 src/simply/simply_stage.c.22.o
 .text.element_frame_setter
                0x0000000000002140       0x1e src/simply/simply_stage.c.22.o
 .text.prv_draw_line_polar.constprop.15
                0x000000000000215e       0x46 src/simply/simply_stage.c.22.o
 .text.rect_element_draw.isra.6
                0x00000000000021a4       0x3c src/simply/simply_stage.c.22.o
 .text.layer_update_callback
                0x00000000000021e0      0x390 src/simply/simply_stage.c.22.o
 .text.simply_stage_auto_element
                0x0000000000002570       0x84 src/simply/simply_stage.c.22.o
 .text.animation_stopped
                0x00000000000025f4       0x34 src/simply/simply_stage.c.22.o
 .text.simply_stage_handle_packet
                0x0000000000002628      0x2e8 src/simply/simply_stage.c.22.o
                0x0000000000002628                simply_stage_handle_packet
 .text.simply_stage_create
                0x0000000000002910       0x38 src/simply/simply_stage.c.22.o
                0x0000000000002910                simply_stage_create
 .text.simply_stage_destroy
                0x0000000000002948       0x16 src/simply/simply_stage.c.22.o
                0x0000000000002948                simply_stage_destroy
 .text.is_string
                0x000000000000295e       0x10 src/simply/simply_ui.c.22.o
 .text.window_unload
                0x000000000000296e       0x1e src/simply/simply_ui.c.22.o
 .text.window_disappear
                0x000000000000298c       0x1c src/simply/simply_ui.c.22.o
 .text.window_appear
                0x00000000000029a8        0xe src/simply/simply_ui.c.22.o
 .text.graphics_draw_bitmap_centered
                0x00000000000029b6       0x62 src/simply/simply_ui.c.22.o
 .text.mark_dirty
                0x0000000000002a18        0xa src/simply/simply_ui.c.22.o
 .text.show_welcome_text
                0x0000000000002a22       0x18 src/simply/simply_ui.c.22.o
 *fill*         0x0000000000002a3a        0x2 
 .text.layer_update_callback
                0x0000000000002a3c      0x504 src/simply/simply_ui.c.22.o
 .text.simply_ui_set_style
                0x0000000000002f40       0x3c src/simply/simply_ui.c.22.o
                0x0000000000002f40                simply_ui_set_style
 .text.window_load
                0x0000000000002f7c       0x6c src/simply/simply_ui.c.22.o
 .text.simply_ui_set_text
                0x0000000000002fe8       0x74 src/simply/simply_ui.c.22.o
                0x0000000000002fe8                simply_ui_set_text
 .text.simply_ui_set_text_color
                0x000000000000305c        0xc src/simply/simply_ui.c.22.o
                0x000000000000305c                simply_ui_set_text_color
 .text.simply_ui_clear
                0x0000000000003068       0x56 src/simply/simply_ui.c.22.o
                0x0000000000003068                simply_ui_clear
 .text.simply_ui_handle_packet
                0x00000000000030be       0x70 src/simply/simply_ui.c.22.o
                0x00000000000030be                simply_ui_handle_packet
 *fill*         0x000000000000312e        0x2 
 .text.simply_ui_create
                0x0000000000003130       0x48 src/simply/simply_ui.c.22.o
                0x0000000000003130                simply_ui_create
 .text.simply_ui_destroy
                0x0000000000003178       0x2a src/simply/simply_ui.c.22.o
                0x0000000000003178                simply_ui_destroy
 .text.wakeup_handler
                0x00000000000031a2       0x1c src/simply/simply_wakeup.c.22.o
 .text.wakeup_set_timer_callback
                0x00000000000031be       0x20 src/simply/simply_wakeup.c.22.o
 *fill*         0x00000000000031de        0x2 
 .text.simply_wakeup_handle_packet
                0x00000000000031e0       0xac src/simply/simply_wakeup.c.22.o
                0x00000000000031e0                simply_wakeup_handle_packet
 .text.simply_wakeup_init
                0x000000000000328c        0xc src/simply/simply_wakeup.c.22.o
                0x000000000000328c                simply_wakeup_init
 .text.prv_update_layer_placement
                0x0000000000003298       0x9e src/simply/simply_window.c.22.o
 .text.simply_window_single_click_handler
                0x0000000000003336       0x5c src/simply/simply_window.c.22.o
                0x0000000000003336                simply_window_single_click_handler
 *fill*         0x0000000000003392        0x2 
 .text.scroll_layer_set_click_config_provider_onto_window.constprop.5
                0x0000000000003394       0x30 src/simply/simply_window.c.22.o
 .text.click_config_provider
                0x00000000000033c4       0x7c src/simply/simply_window.c.22.o
 .text.long_click_handler
                0x0000000000003440       0x32 src/simply/simply_window.c.22.o
 .text.simply_window_set_scrollable
                0x0000000000003472       0x68 src/simply/simply_window.c.22.o
                0x0000000000003472                simply_window_set_scrollable
 .text.simply_window_set_status_bar
                0x00000000000034da       0x46 src/simply/simply_window.c.22.o
                0x00000000000034da                simply_window_set_status_bar
 .text.simply_window_set_background_color
                0x0000000000003520        0xe src/simply/simply_window.c.22.o
                0x0000000000003520                simply_window_set_background_color
 .text.simply_window_set_status_bar_colors
                0x000000000000352e        0xa src/simply/simply_window.c.22.o
                0x000000000000352e                simply_window_set_status_bar_colors
 .text.simply_window_set_status_bar_separator_mode
                0x0000000000003538        0xa src/simply/simply_window.c.22.o
                0x0000000000003538                simply_window_set_status_bar_separator_mode
 *fill*         0x0000000000003542        0x2 
 .text.simply_window_set_action_bar
                0x0000000000003544       0x54 src/simply/simply_window.c.22.o
                0x0000000000003544                simply_window_set_action_bar
 .text.simply_window_set_action_bar_icon
                0x0000000000003598       0x58 src/simply/simply_window.c.22.o
                0x0000000000003598                simply_window_set_action_bar_icon
 .text.simply_window_set_action_bar_background_color
                0x00000000000035f0       0x38 src/simply/simply_window.c.22.o
                0x00000000000035f0                simply_window_set_action_bar_background_color
 .text.simply_window_action_bar_clear
                0x0000000000003628       0x2c src/simply/simply_window.c.22.o
                0x0000000000003628                simply_window_action_bar_clear
 .text.simply_window_preload
                0x0000000000003654       0x30 src/simply/simply_window.c.22.o
                0x0000000000003654                simply_window_preload
 .text.simply_window_load
                0x0000000000003684       0x9c src/simply/simply_window.c.22.o
                0x0000000000003684                simply_window_load
 .text.simply_window_appear
                0x0000000000003720       0x1c src/simply/simply_window.c.22.o
                0x0000000000003720                simply_window_appear
 .text.simply_window_disappear
                0x000000000000373c       0x1c src/simply/simply_window.c.22.o
                0x000000000000373c                simply_window_disappear
 .text.simply_window_unload
                0x0000000000003758       0x32 src/simply/simply_window.c.22.o
                0x0000000000003758                simply_window_unload
 .text.simply_window_handle_packet
                0x000000000000378a       0xc0 src/simply/simply_window.c.22.o
                0x000000000000378a                simply_window_handle_packet
 .text.simply_window_init
                0x000000000000384a       0x26 src/simply/simply_window.c.22.o
                0x000000000000384a                simply_window_init
 .text.simply_window_deinit
                0x0000000000003870       0x12 src/simply/simply_window.c.22.o
                0x0000000000003870                simply_window_deinit
 .text.show_window_sdk_3.isra.4
                0x0000000000003882       0x50 src/simply/simply_window_stack.c.22.o
 *fill*         0x00000000000038d2        0x2 
 .text.simply_window_stack_set_broadcast
                0x00000000000038d4       0x10 src/simply/simply_window_stack.c.22.o
                0x00000000000038d4                simply_window_stack_set_broadcast
 .text.simply_window_stack_get_top_window
                0x00000000000038e4       0x20 src/simply/simply_window_stack.c.22.o
                0x00000000000038e4                simply_window_stack_get_top_window
 .text.simply_window_stack_show
                0x0000000000003904        0x4 src/simply/simply_window_stack.c.22.o
                0x0000000000003904                simply_window_stack_show
 .text.simply_window_stack_pop
                0x0000000000003908       0x26 src/simply/simply_window_stack.c.22.o
                0x0000000000003908                simply_window_stack_pop
 *fill*         0x000000000000392e        0x2 
 .text.simply_window_stack_send_show
                0x0000000000003930       0x30 src/simply/simply_window_stack.c.22.o
                0x0000000000003930                simply_window_stack_send_show
 .text.simply_window_stack_send_hide
                0x0000000000003960       0x30 src/simply/simply_window_stack.c.22.o
                0x0000000000003960                simply_window_stack_send_hide
 .text.simply_window_stack_back
                0x0000000000003990       0x1a src/simply/simply_window_stack.c.22.o
                0x0000000000003990                simply_window_stack_back
 .text.simply_window_stack_handle_packet
                0x00000000000039aa       0x4a src/simply/simply_window_stack.c.22.o
                0x00000000000039aa                simply_window_stack_handle_packet
 .text.simply_window_stack_create
                0x00000000000039f4       0x12 src/simply/simply_window_stack.c.22.o
                0x00000000000039f4                simply_window_stack_create
 .text.simply_window_stack_destroy
                0x0000000000003a06        0x8 src/simply/simply_window_stack.c.22.o
                0x0000000000003a06                simply_window_stack_destroy
 *fill*         0x0000000000003a0e        0x2 
 .text.accel_data_service_unsubscribe
                0x0000000000003a10        0xc /Users/Gon/Library/Application Support/Pebble SDK/SDKs/current/sdk-core/pebble/aplite/lib/libpebble.a(tmp1DSiDppebble.o)
                0x0000000000003a10                accel_data_service_unsubscribe
 .text.accel_service_peek
                0x0000000000003a1c        0xc /Users/Gon/Library/Application Support/Pebble SDK/SDKs/current/sdk-core/pebble/aplite/lib/libpebble.a(tmp1DSiDppebble.o)
                0x0000000000003a1c                accel_service_peek
 .text.accel_service_set_sampling_rate
                0x0000000000003a28        0xc /Users/Gon/Library/Application Support/Pebble SDK/SDKs/current/sdk-core/pebble/aplite/lib/libpebble.a(tmp1DSiDppebble.o)
                0x0000000000003a28                accel_service_set_sampling_rate
 .text.accel_tap_service_subscribe
                0x0000000000003a34        0xc /Users/Gon/Library/Application Support/Pebble SDK/SDKs/current/sdk-core/pebble/aplite/lib/libpebble.a(tmp1DSiDppebble.o)
                0x0000000000003a34                accel_tap_service_subscribe
 .text.accel_tap_service_unsubscribe
                0x0000000000003a40        0xc /Users/Gon/Library/Application Support/Pebble SDK/SDKs/current/sdk-core/pebble/aplite/lib/libpebble.a(tmp1DSiDppebble.o)
                0x0000000000003a40                accel_tap_service_unsubscribe
 .text.app_event_loop
                0x0000000000003a4c        0xc /Users/Gon/Library/Application Support/Pebble SDK/SDKs/current/sdk-core/pebble/aplite/lib/libpebble.a(tmp1DSiDppebble.o)
                0x0000000000003a4c                app_event_loop
 .text.app_message_deregister_callbacks
                0x0000000000003a58        0xc /Users/Gon/Library/Application Support/Pebble SDK/SDKs/current/sdk-core/pebble/aplite/lib/libpebble.a(tmp1DSiDppebble.o)
                0x0000000000003a58                app_message_deregister_callbacks
 .text.app_message_open
                0x0000000000003a64        0xc /Users/Gon/Library/Application Support/Pebble SDK/SDKs/current/sdk-core/pebble/aplite/lib/libpebble.a(tmp1DSiDppebble.o)
                0x0000000000003a64                app_message_open
 .text.app_timer_cancel
                0x0000000000003a70        0xc /Users/Gon/Library/Application Support/Pebble SDK/SDKs/current/sdk-core/pebble/aplite/lib/libpebble.a(tmp1DSiDppebble.o)
                0x0000000000003a70                app_timer_cancel
 .text.app_timer_register
                0x0000000000003a7c        0xc /Users/Gon/Library/Application Support/Pebble SDK/SDKs/current/sdk-core/pebble/aplite/lib/libpebble.a(tmp1DSiDppebble.o)
                0x0000000000003a7c                app_timer_register
 .text.click_recognizer_get_button_id
                0x0000000000003a88        0xc /Users/Gon/Library/Application Support/Pebble SDK/SDKs/current/sdk-core/pebble/aplite/lib/libpebble.a(tmp1DSiDppebble.o)
                0x0000000000003a88                click_recognizer_get_button_id
 .text.cos_lookup
                0x0000000000003a94        0xc /Users/Gon/Library/Application Support/Pebble SDK/SDKs/current/sdk-core/pebble/aplite/lib/libpebble.a(tmp1DSiDppebble.o)
                0x0000000000003a94                cos_lookup
 .text.dict_find
                0x0000000000003aa0        0xc /Users/Gon/Library/Application Support/Pebble SDK/SDKs/current/sdk-core/pebble/aplite/lib/libpebble.a(tmp1DSiDppebble.o)
                0x0000000000003aa0                dict_find
 .text.dict_write_data
                0x0000000000003aac        0xc /Users/Gon/Library/Application Support/Pebble SDK/SDKs/current/sdk-core/pebble/aplite/lib/libpebble.a(tmp1DSiDppebble.o)
                0x0000000000003aac                dict_write_data
 .text.fonts_get_system_font
                0x0000000000003ab8        0xc /Users/Gon/Library/Application Support/Pebble SDK/SDKs/current/sdk-core/pebble/aplite/lib/libpebble.a(tmp1DSiDppebble.o)
                0x0000000000003ab8                fonts_get_system_font
 .text.fonts_load_custom_font
                0x0000000000003ac4        0xc /Users/Gon/Library/Application Support/Pebble SDK/SDKs/current/sdk-core/pebble/aplite/lib/libpebble.a(tmp1DSiDppebble.o)
                0x0000000000003ac4                fonts_load_custom_font
 .text.fonts_unload_custom_font
                0x0000000000003ad0        0xc /Users/Gon/Library/Application Support/Pebble SDK/SDKs/current/sdk-core/pebble/aplite/lib/libpebble.a(tmp1DSiDppebble.o)
                0x0000000000003ad0                fonts_unload_custom_font
 .text.free     0x0000000000003adc        0xc /Users/Gon/Library/Application Support/Pebble SDK/SDKs/current/sdk-core/pebble/aplite/lib/libpebble.a(tmp1DSiDppebble.o)
                0x0000000000003adc                free
 .text.gbitmap_create_with_resource
                0x0000000000003ae8        0xc /Users/Gon/Library/Application Support/Pebble SDK/SDKs/current/sdk-core/pebble/aplite/lib/libpebble.a(tmp1DSiDppebble.o)
                0x0000000000003ae8                gbitmap_create_with_resource
 .text.gbitmap_destroy
                0x0000000000003af4        0xc /Users/Gon/Library/Application Support/Pebble SDK/SDKs/current/sdk-core/pebble/aplite/lib/libpebble.a(tmp1DSiDppebble.o)
                0x0000000000003af4                gbitmap_destroy
 .text.graphics_context_set_compositing_mode
                0x0000000000003b00        0xc /Users/Gon/Library/Application Support/Pebble SDK/SDKs/current/sdk-core/pebble/aplite/lib/libpebble.a(tmp1DSiDppebble.o)
                0x0000000000003b00                graphics_context_set_compositing_mode
 .text.graphics_draw_bitmap_in_rect
                0x0000000000003b0c        0xc /Users/Gon/Library/Application Support/Pebble SDK/SDKs/current/sdk-core/pebble/aplite/lib/libpebble.a(tmp1DSiDppebble.o)
                0x0000000000003b0c                graphics_draw_bitmap_in_rect
 .text.graphics_draw_circle
                0x0000000000003b18        0xc /Users/Gon/Library/Application Support/Pebble SDK/SDKs/current/sdk-core/pebble/aplite/lib/libpebble.a(tmp1DSiDppebble.o)
                0x0000000000003b18                graphics_draw_circle
 .text.graphics_draw_line
                0x0000000000003b24        0xc /Users/Gon/Library/Application Support/Pebble SDK/SDKs/current/sdk-core/pebble/aplite/lib/libpebble.a(tmp1DSiDppebble.o)
                0x0000000000003b24                graphics_draw_line
 .text.graphics_draw_round_rect
                0x0000000000003b30        0xc /Users/Gon/Library/Application Support/Pebble SDK/SDKs/current/sdk-core/pebble/aplite/lib/libpebble.a(tmp1DSiDppebble.o)
                0x0000000000003b30                graphics_draw_round_rect
 .text.graphics_fill_circle
                0x0000000000003b3c        0xc /Users/Gon/Library/Application Support/Pebble SDK/SDKs/current/sdk-core/pebble/aplite/lib/libpebble.a(tmp1DSiDppebble.o)
                0x0000000000003b3c                graphics_fill_circle
 .text.graphics_fill_rect
                0x0000000000003b48        0xc /Users/Gon/Library/Application Support/Pebble SDK/SDKs/current/sdk-core/pebble/aplite/lib/libpebble.a(tmp1DSiDppebble.o)
                0x0000000000003b48                graphics_fill_rect
 .text.grect_center_point
                0x0000000000003b54        0xc /Users/Gon/Library/Application Support/Pebble SDK/SDKs/current/sdk-core/pebble/aplite/lib/libpebble.a(tmp1DSiDppebble.o)
                0x0000000000003b54                grect_center_point
 .text.grect_standardize
                0x0000000000003b60        0xc /Users/Gon/Library/Application Support/Pebble SDK/SDKs/current/sdk-core/pebble/aplite/lib/libpebble.a(tmp1DSiDppebble.o)
                0x0000000000003b60                grect_standardize
 .text.gsize_equal
                0x0000000000003b6c        0xc /Users/Gon/Library/Application Support/Pebble SDK/SDKs/current/sdk-core/pebble/aplite/lib/libpebble.a(tmp1DSiDppebble.o)
                0x0000000000003b6c                gsize_equal
 .text.inverter_layer_create
                0x0000000000003b78        0xc /Users/Gon/Library/Application Support/Pebble SDK/SDKs/current/sdk-core/pebble/aplite/lib/libpebble.a(tmp1DSiDppebble.o)
                0x0000000000003b78                inverter_layer_create
 .text.inverter_layer_destroy
                0x0000000000003b84        0xc /Users/Gon/Library/Application Support/Pebble SDK/SDKs/current/sdk-core/pebble/aplite/lib/libpebble.a(tmp1DSiDppebble.o)
                0x0000000000003b84                inverter_layer_destroy
 .text.inverter_layer_get_layer
                0x0000000000003b90        0xc /Users/Gon/Library/Application Support/Pebble SDK/SDKs/current/sdk-core/pebble/aplite/lib/libpebble.a(tmp1DSiDppebble.o)
                0x0000000000003b90                inverter_layer_get_layer
 .text.layer_add_child
                0x0000000000003b9c        0xc /Users/Gon/Library/Application Support/Pebble SDK/SDKs/current/sdk-core/pebble/aplite/lib/libpebble.a(tmp1DSiDppebble.o)
                0x0000000000003b9c                layer_add_child
 .text.layer_create_with_data
                0x0000000000003ba8        0xc /Users/Gon/Library/Application Support/Pebble SDK/SDKs/current/sdk-core/pebble/aplite/lib/libpebble.a(tmp1DSiDppebble.o)
                0x0000000000003ba8                layer_create_with_data
 .text.layer_destroy
                0x0000000000003bb4        0xc /Users/Gon/Library/Application Support/Pebble SDK/SDKs/current/sdk-core/pebble/aplite/lib/libpebble.a(tmp1DSiDppebble.o)
                0x0000000000003bb4                layer_destroy
 .text.layer_get_bounds
                0x0000000000003bc0        0xc /Users/Gon/Library/Application Support/Pebble SDK/SDKs/current/sdk-core/pebble/aplite/lib/libpebble.a(tmp1DSiDppebble.o)
                0x0000000000003bc0                layer_get_bounds
 .text.layer_get_data
                0x0000000000003bcc        0xc /Users/Gon/Library/Application Support/Pebble SDK/SDKs/current/sdk-core/pebble/aplite/lib/libpebble.a(tmp1DSiDppebble.o)
                0x0000000000003bcc                layer_get_data
 .text.layer_get_frame
                0x0000000000003bd8        0xc /Users/Gon/Library/Application Support/Pebble SDK/SDKs/current/sdk-core/pebble/aplite/lib/libpebble.a(tmp1DSiDppebble.o)
                0x0000000000003bd8                layer_get_frame
 .text.layer_get_window
                0x0000000000003be4        0xc /Users/Gon/Library/Application Support/Pebble SDK/SDKs/current/sdk-core/pebble/aplite/lib/libpebble.a(tmp1DSiDppebble.o)
                0x0000000000003be4                layer_get_window
 .text.layer_mark_dirty
                0x0000000000003bf0        0xc /Users/Gon/Library/Application Support/Pebble SDK/SDKs/current/sdk-core/pebble/aplite/lib/libpebble.a(tmp1DSiDppebble.o)
                0x0000000000003bf0                layer_mark_dirty
 .text.layer_remove_from_parent
                0x0000000000003bfc        0xc /Users/Gon/Library/Application Support/Pebble SDK/SDKs/current/sdk-core/pebble/aplite/lib/libpebble.a(tmp1DSiDppebble.o)
                0x0000000000003bfc                layer_remove_from_parent
 .text.layer_set_frame
                0x0000000000003c08        0xc /Users/Gon/Library/Application Support/Pebble SDK/SDKs/current/sdk-core/pebble/aplite/lib/libpebble.a(tmp1DSiDppebble.o)
                0x0000000000003c08                layer_set_frame
 .text.layer_set_update_proc
                0x0000000000003c14        0xc /Users/Gon/Library/Application Support/Pebble SDK/SDKs/current/sdk-core/pebble/aplite/lib/libpebble.a(tmp1DSiDppebble.o)
                0x0000000000003c14                layer_set_update_proc
 .text.light_enable
                0x0000000000003c20        0xc /Users/Gon/Library/Application Support/Pebble SDK/SDKs/current/sdk-core/pebble/aplite/lib/libpebble.a(tmp1DSiDppebble.o)
                0x0000000000003c20                light_enable
 .text.light_enable_interaction
                0x0000000000003c2c        0xc /Users/Gon/Library/Application Support/Pebble SDK/SDKs/current/sdk-core/pebble/aplite/lib/libpebble.a(tmp1DSiDppebble.o)
                0x0000000000003c2c                light_enable_interaction
 .text.malloc   0x0000000000003c38        0xc /Users/Gon/Library/Application Support/Pebble SDK/SDKs/current/sdk-core/pebble/aplite/lib/libpebble.a(tmp1DSiDppebble.o)
                0x0000000000003c38                malloc
 .text.memcpy   0x0000000000003c44        0xc /Users/Gon/Library/Application Support/Pebble SDK/SDKs/current/sdk-core/pebble/aplite/lib/libpebble.a(tmp1DSiDppebble.o)
                0x0000000000003c44                memcpy
 .text.memset   0x0000000000003c50        0xc /Users/Gon/Library/Application Support/Pebble SDK/SDKs/current/sdk-core/pebble/aplite/lib/libpebble.a(tmp1DSiDppebble.o)
                0x0000000000003c50                memset
 .text.menu_cell_basic_draw
                0x0000000000003c5c        0xc /Users/Gon/Library/Application Support/Pebble SDK/SDKs/current/sdk-core/pebble/aplite/lib/libpebble.a(tmp1DSiDppebble.o)
                0x0000000000003c5c                menu_cell_basic_draw
 .text.menu_layer_destroy
                0x0000000000003c68        0xc /Users/Gon/Library/Application Support/Pebble SDK/SDKs/current/sdk-core/pebble/aplite/lib/libpebble.a(tmp1DSiDppebble.o)
                0x0000000000003c68                menu_layer_destroy
 .text.menu_layer_get_layer
                0x0000000000003c74        0xc /Users/Gon/Library/Application Support/Pebble SDK/SDKs/current/sdk-core/pebble/aplite/lib/libpebble.a(tmp1DSiDppebble.o)
                0x0000000000003c74                menu_layer_get_layer
 .text.menu_layer_get_selected_index
                0x0000000000003c80        0xc /Users/Gon/Library/Application Support/Pebble SDK/SDKs/current/sdk-core/pebble/aplite/lib/libpebble.a(tmp1DSiDppebble.o)
                0x0000000000003c80                menu_layer_get_selected_index
 .text.menu_layer_reload_data
                0x0000000000003c8c        0xc /Users/Gon/Library/Application Support/Pebble SDK/SDKs/current/sdk-core/pebble/aplite/lib/libpebble.a(tmp1DSiDppebble.o)
                0x0000000000003c8c                menu_layer_reload_data
 .text.menu_layer_set_click_config_onto_window
                0x0000000000003c98        0xc /Users/Gon/Library/Application Support/Pebble SDK/SDKs/current/sdk-core/pebble/aplite/lib/libpebble.a(tmp1DSiDppebble.o)
                0x0000000000003c98                menu_layer_set_click_config_onto_window
 .text.menu_layer_set_selected_index
                0x0000000000003ca4        0xc /Users/Gon/Library/Application Support/Pebble SDK/SDKs/current/sdk-core/pebble/aplite/lib/libpebble.a(tmp1DSiDppebble.o)
                0x0000000000003ca4                menu_layer_set_selected_index
 .text.resource_get_handle
                0x0000000000003cb0        0xc /Users/Gon/Library/Application Support/Pebble SDK/SDKs/current/sdk-core/pebble/aplite/lib/libpebble.a(tmp1DSiDppebble.o)
                0x0000000000003cb0                resource_get_handle
 .text.scroll_layer_add_child
                0x0000000000003cbc        0xc /Users/Gon/Library/Application Support/Pebble SDK/SDKs/current/sdk-core/pebble/aplite/lib/libpebble.a(tmp1DSiDppebble.o)
                0x0000000000003cbc                scroll_layer_add_child
 .text.scroll_layer_create
                0x0000000000003cc8        0xc /Users/Gon/Library/Application Support/Pebble SDK/SDKs/current/sdk-core/pebble/aplite/lib/libpebble.a(tmp1DSiDppebble.o)
                0x0000000000003cc8                scroll_layer_create
 .text.scroll_layer_destroy
                0x0000000000003cd4        0xc /Users/Gon/Library/Application Support/Pebble SDK/SDKs/current/sdk-core/pebble/aplite/lib/libpebble.a(tmp1DSiDppebble.o)
                0x0000000000003cd4                scroll_layer_destroy
 .text.scroll_layer_get_content_offset
                0x0000000000003ce0        0xc /Users/Gon/Library/Application Support/Pebble SDK/SDKs/current/sdk-core/pebble/aplite/lib/libpebble.a(tmp1DSiDppebble.o)
                0x0000000000003ce0                scroll_layer_get_content_offset
 .text.scroll_layer_get_content_size
                0x0000000000003cec        0xc /Users/Gon/Library/Application Support/Pebble SDK/SDKs/current/sdk-core/pebble/aplite/lib/libpebble.a(tmp1DSiDppebble.o)
                0x0000000000003cec                scroll_layer_get_content_size
 .text.scroll_layer_get_layer
                0x0000000000003cf8        0xc /Users/Gon/Library/Application Support/Pebble SDK/SDKs/current/sdk-core/pebble/aplite/lib/libpebble.a(tmp1DSiDppebble.o)
                0x0000000000003cf8                scroll_layer_get_layer
 .text.scroll_layer_set_click_config_onto_window
                0x0000000000003d04        0xc /Users/Gon/Library/Application Support/Pebble SDK/SDKs/current/sdk-core/pebble/aplite/lib/libpebble.a(tmp1DSiDppebble.o)
                0x0000000000003d04                scroll_layer_set_click_config_onto_window
 .text.scroll_layer_set_content_offset
                0x0000000000003d10        0xc /Users/Gon/Library/Application Support/Pebble SDK/SDKs/current/sdk-core/pebble/aplite/lib/libpebble.a(tmp1DSiDppebble.o)
                0x0000000000003d10                scroll_layer_set_content_offset
 .text.scroll_layer_set_content_size
                0x0000000000003d1c        0xc /Users/Gon/Library/Application Support/Pebble SDK/SDKs/current/sdk-core/pebble/aplite/lib/libpebble.a(tmp1DSiDppebble.o)
                0x0000000000003d1c                scroll_layer_set_content_size
 .text.scroll_layer_set_context
                0x0000000000003d28        0xc /Users/Gon/Library/Application Support/Pebble SDK/SDKs/current/sdk-core/pebble/aplite/lib/libpebble.a(tmp1DSiDppebble.o)
                0x0000000000003d28                scroll_layer_set_context
 .text.scroll_layer_set_shadow_hidden
                0x0000000000003d34        0xc /Users/Gon/Library/Application Support/Pebble SDK/SDKs/current/sdk-core/pebble/aplite/lib/libpebble.a(tmp1DSiDppebble.o)
                0x0000000000003d34                scroll_layer_set_shadow_hidden
 .text.sin_lookup
                0x0000000000003d40        0xc /Users/Gon/Library/Application Support/Pebble SDK/SDKs/current/sdk-core/pebble/aplite/lib/libpebble.a(tmp1DSiDppebble.o)
                0x0000000000003d40                sin_lookup
 .text.strftime
                0x0000000000003d4c        0xc /Users/Gon/Library/Application Support/Pebble SDK/SDKs/current/sdk-core/pebble/aplite/lib/libpebble.a(tmp1DSiDppebble.o)
                0x0000000000003d4c                strftime
 .text.strlen   0x0000000000003d58        0xc /Users/Gon/Library/Application Support/Pebble SDK/SDKs/current/sdk-core/pebble/aplite/lib/libpebble.a(tmp1DSiDppebble.o)
                0x0000000000003d58                strlen
 .text.strncpy  0x0000000000003d64        0xc /Users/Gon/Library/Application Support/Pebble SDK/SDKs/current/sdk-core/pebble/aplite/lib/libpebble.a(tmp1DSiDppebble.o)
                0x0000000000003d64                strncpy
 .text.tick_timer_service_subscribe
                0x0000000000003d70        0xc /Users/Gon/Library/Application Support/Pebble SDK/SDKs/current/sdk-core/pebble/aplite/lib/libpebble.a(tmp1DSiDppebble.o)
                0x0000000000003d70                tick_timer_service_subscribe
 .text.tick_timer_service_unsubscribe
                0x0000000000003d7c        0xc /Users/Gon/Library/Application Support/Pebble SDK/SDKs/current/sdk-core/pebble/aplite/lib/libpebble.a(tmp1DSiDppebble.o)
                0x0000000000003d7c                tick_timer_service_unsubscribe
 .text.vibes_double_pulse
                0x0000000000003d88        0xc /Users/Gon/Library/Application Support/Pebble SDK/SDKs/current/sdk-core/pebble/aplite/lib/libpebble.a(tmp1DSiDppebble.o)
                0x0000000000003d88                vibes_double_pulse
 .text.vibes_long_pulse
                0x0000000000003d94        0xc /Users/Gon/Library/Application Support/Pebble SDK/SDKs/current/sdk-core/pebble/aplite/lib/libpebble.a(tmp1DSiDppebble.o)
                0x0000000000003d94                vibes_long_pulse
 .text.vibes_short_pulse
                0x0000000000003da0        0xc /Users/Gon/Library/Application Support/Pebble SDK/SDKs/current/sdk-core/pebble/aplite/lib/libpebble.a(tmp1DSiDppebble.o)
                0x0000000000003da0                vibes_short_pulse
 .text.window_create
                0x0000000000003dac        0xc /Users/Gon/Library/Application Support/Pebble SDK/SDKs/current/sdk-core/pebble/aplite/lib/libpebble.a(tmp1DSiDppebble.o)
                0x0000000000003dac                window_create
 .text.window_destroy
                0x0000000000003db8        0xc /Users/Gon/Library/Application Support/Pebble SDK/SDKs/current/sdk-core/pebble/aplite/lib/libpebble.a(tmp1DSiDppebble.o)
                0x0000000000003db8                window_destroy
 .text.window_get_click_config_provider
                0x0000000000003dc4        0xc /Users/Gon/Library/Application Support/Pebble SDK/SDKs/current/sdk-core/pebble/aplite/lib/libpebble.a(tmp1DSiDppebble.o)
                0x0000000000003dc4                window_get_click_config_provider
 .text.window_get_root_layer
                0x0000000000003dd0        0xc /Users/Gon/Library/Application Support/Pebble SDK/SDKs/current/sdk-core/pebble/aplite/lib/libpebble.a(tmp1DSiDppebble.o)
                0x0000000000003dd0                window_get_root_layer
 .text.window_set_click_config_provider_with_context
                0x0000000000003ddc        0xc /Users/Gon/Library/Application Support/Pebble SDK/SDKs/current/sdk-core/pebble/aplite/lib/libpebble.a(tmp1DSiDppebble.o)
                0x0000000000003ddc                window_set_click_config_provider_with_context
 .text.window_set_window_handlers
                0x0000000000003de8        0xc /Users/Gon/Library/Application Support/Pebble SDK/SDKs/current/sdk-core/pebble/aplite/lib/libpebble.a(tmp1DSiDppebble.o)
                0x0000000000003de8                window_set_window_handlers
 .text.window_stack_get_top_window
                0x0000000000003df4        0xc /Users/Gon/Library/Application Support/Pebble SDK/SDKs/current/sdk-core/pebble/aplite/lib/libpebble.a(tmp1DSiDppebble.o)
                0x0000000000003df4                window_stack_get_top_window
 .text.window_stack_pop
                0x0000000000003e00        0xc /Users/Gon/Library/Application Support/Pebble SDK/SDKs/current/sdk-core/pebble/aplite/lib/libpebble.a(tmp1DSiDppebble.o)
                0x0000000000003e00                window_stack_pop
 .text.window_stack_pop_all
                0x0000000000003e0c        0xc /Users/Gon/Library/Application Support/Pebble SDK/SDKs/current/sdk-core/pebble/aplite/lib/libpebble.a(tmp1DSiDppebble.o)
                0x0000000000003e0c                window_stack_pop_all
 .text.window_stack_push
                0x0000000000003e18        0xc /Users/Gon/Library/Application Support/Pebble SDK/SDKs/current/sdk-core/pebble/aplite/lib/libpebble.a(tmp1DSiDppebble.o)
                0x0000000000003e18                window_stack_push
 .text.window_stack_remove
                0x0000000000003e24        0xc /Users/Gon/Library/Application Support/Pebble SDK/SDKs/current/sdk-core/pebble/aplite/lib/libpebble.a(tmp1DSiDppebble.o)
                0x0000000000003e24                window_stack_remove
 .text.window_get_user_data
                0x0000000000003e30        0xc /Users/Gon/Library/Application Support/Pebble SDK/SDKs/current/sdk-core/pebble/aplite/lib/libpebble.a(tmp1DSiDppebble.o)
                0x0000000000003e30                window_get_user_data
 .text.window_set_user_data
                0x0000000000003e3c        0xc /Users/Gon/Library/Application Support/Pebble SDK/SDKs/current/sdk-core/pebble/aplite/lib/libpebble.a(tmp1DSiDppebble.o)
                0x0000000000003e3c                window_set_user_data
 .text.app_message_outbox_begin
                0x0000000000003e48        0xc /Users/Gon/Library/Application Support/Pebble SDK/SDKs/current/sdk-core/pebble/aplite/lib/libpebble.a(tmp1DSiDppebble.o)
                0x0000000000003e48                app_message_outbox_begin
 .text.app_message_outbox_send
                0x0000000000003e54        0xc /Users/Gon/Library/Application Support/Pebble SDK/SDKs/current/sdk-core/pebble/aplite/lib/libpebble.a(tmp1DSiDppebble.o)
                0x0000000000003e54                app_message_outbox_send
 .text.app_message_register_inbox_dropped
                0x0000000000003e60        0xc /Users/Gon/Library/Application Support/Pebble SDK/SDKs/current/sdk-core/pebble/aplite/lib/libpebble.a(tmp1DSiDppebble.o)
                0x0000000000003e60                app_message_register_inbox_dropped
 .text.app_message_register_inbox_received
                0x0000000000003e6c        0xc /Users/Gon/Library/Application Support/Pebble SDK/SDKs/current/sdk-core/pebble/aplite/lib/libpebble.a(tmp1DSiDppebble.o)
                0x0000000000003e6c                app_message_register_inbox_received
 .text.app_message_register_outbox_failed
                0x0000000000003e78        0xc /Users/Gon/Library/Application Support/Pebble SDK/SDKs/current/sdk-core/pebble/aplite/lib/libpebble.a(tmp1DSiDppebble.o)
                0x0000000000003e78                app_message_register_outbox_failed
 .text.app_message_register_outbox_sent
                0x0000000000003e84        0xc /Users/Gon/Library/Application Support/Pebble SDK/SDKs/current/sdk-core/pebble/aplite/lib/libpebble.a(tmp1DSiDppebble.o)
                0x0000000000003e84                app_message_register_outbox_sent
 .text.app_message_set_context
                0x0000000000003e90        0xc /Users/Gon/Library/Application Support/Pebble SDK/SDKs/current/sdk-core/pebble/aplite/lib/libpebble.a(tmp1DSiDppebble.o)
                0x0000000000003e90                app_message_set_context
 .text.window_long_click_subscribe
                0x0000000000003e9c        0xc /Users/Gon/Library/Application Support/Pebble SDK/SDKs/current/sdk-core/pebble/aplite/lib/libpebble.a(tmp1DSiDppebble.o)
                0x0000000000003e9c                window_long_click_subscribe
 .text.window_set_click_context
                0x0000000000003ea8        0xc /Users/Gon/Library/Application Support/Pebble SDK/SDKs/current/sdk-core/pebble/aplite/lib/libpebble.a(tmp1DSiDppebble.o)
                0x0000000000003ea8                window_set_click_context
 .text.window_single_click_subscribe
                0x0000000000003eb4        0xc /Users/Gon/Library/Application Support/Pebble SDK/SDKs/current/sdk-core/pebble/aplite/lib/libpebble.a(tmp1DSiDppebble.o)
                0x0000000000003eb4                window_single_click_subscribe
 .text.graphics_draw_text
                0x0000000000003ec0        0xc /Users/Gon/Library/Application Support/Pebble SDK/SDKs/current/sdk-core/pebble/aplite/lib/libpebble.a(tmp1DSiDppebble.o)
                0x0000000000003ec0                graphics_draw_text
 .text.accel_data_service_subscribe
                0x0000000000003ecc        0xc /Users/Gon/Library/Application Support/Pebble SDK/SDKs/current/sdk-core/pebble/aplite/lib/libpebble.a(tmp1DSiDppebble.o)
                0x0000000000003ecc                accel_data_service_subscribe
 .text.launch_reason
                0x0000000000003ed8        0xc /Users/Gon/Library/Application Support/Pebble SDK/SDKs/current/sdk-core/pebble/aplite/lib/libpebble.a(tmp1DSiDppebble.o)
                0x0000000000003ed8                launch_reason
 .text.wakeup_cancel
                0x0000000000003ee4        0xc /Users/Gon/Library/Application Support/Pebble SDK/SDKs/current/sdk-core/pebble/aplite/lib/libpebble.a(tmp1DSiDppebble.o)
                0x0000000000003ee4                wakeup_cancel
 .text.wakeup_cancel_all
                0x0000000000003ef0        0xc /Users/Gon/Library/Application Support/Pebble SDK/SDKs/current/sdk-core/pebble/aplite/lib/libpebble.a(tmp1DSiDppebble.o)
                0x0000000000003ef0                wakeup_cancel_all
 .text.wakeup_get_launch_event
                0x0000000000003efc        0xc /Users/Gon/Library/Application Support/Pebble SDK/SDKs/current/sdk-core/pebble/aplite/lib/libpebble.a(tmp1DSiDppebble.o)
                0x0000000000003efc                wakeup_get_launch_event
 .text.wakeup_schedule
                0x0000000000003f08        0xc /Users/Gon/Library/Application Support/Pebble SDK/SDKs/current/sdk-core/pebble/aplite/lib/libpebble.a(tmp1DSiDppebble.o)
                0x0000000000003f08                wakeup_schedule
 .text.wakeup_service_subscribe
                0x0000000000003f14        0xc /Users/Gon/Library/Application Support/Pebble SDK/SDKs/current/sdk-core/pebble/aplite/lib/libpebble.a(tmp1DSiDppebble.o)
                0x0000000000003f14                wakeup_service_subscribe
 .text.clock_is_timezone_set
                0x0000000000003f20        0xc /Users/Gon/Library/Application Support/Pebble SDK/SDKs/current/sdk-core/pebble/aplite/lib/libpebble.a(tmp1DSiDppebble.o)
                0x0000000000003f20                clock_is_timezone_set
 .text.graphics_context_set_fill_color
                0x0000000000003f2c        0xc /Users/Gon/Library/Application Support/Pebble SDK/SDKs/current/sdk-core/pebble/aplite/lib/libpebble.a(tmp1DSiDppebble.o)
                0x0000000000003f2c                graphics_context_set_fill_color
 .text.graphics_context_set_stroke_color
                0x0000000000003f38        0xc /Users/Gon/Library/Application Support/Pebble SDK/SDKs/current/sdk-core/pebble/aplite/lib/libpebble.a(tmp1DSiDppebble.o)
                0x0000000000003f38                graphics_context_set_stroke_color
 .text.graphics_context_set_text_color
                0x0000000000003f44        0xc /Users/Gon/Library/Application Support/Pebble SDK/SDKs/current/sdk-core/pebble/aplite/lib/libpebble.a(tmp1DSiDppebble.o)
                0x0000000000003f44                graphics_context_set_text_color
 .text.window_set_background_color
                0x0000000000003f50        0xc /Users/Gon/Library/Application Support/Pebble SDK/SDKs/current/sdk-core/pebble/aplite/lib/libpebble.a(tmp1DSiDppebble.o)
                0x0000000000003f50                window_set_background_color
 .text.localtime
                0x0000000000003f5c        0xc /Users/Gon/Library/Application Support/Pebble SDK/SDKs/current/sdk-core/pebble/aplite/lib/libpebble.a(tmp1DSiDppebble.o)
                0x0000000000003f5c                localtime
 .text.animation_destroy
                0x0000000000003f68        0xc /Users/Gon/Library/Application Support/Pebble SDK/SDKs/current/sdk-core/pebble/aplite/lib/libpebble.a(tmp1DSiDppebble.o)
                0x0000000000003f68                animation_destroy
 .text.animation_schedule
                0x0000000000003f74        0xc /Users/Gon/Library/Application Support/Pebble SDK/SDKs/current/sdk-core/pebble/aplite/lib/libpebble.a(tmp1DSiDppebble.o)
                0x0000000000003f74                animation_schedule
 .text.animation_set_curve
                0x0000000000003f80        0xc /Users/Gon/Library/Application Support/Pebble SDK/SDKs/current/sdk-core/pebble/aplite/lib/libpebble.a(tmp1DSiDppebble.o)
                0x0000000000003f80                animation_set_curve
 .text.animation_set_duration
                0x0000000000003f8c        0xc /Users/Gon/Library/Application Support/Pebble SDK/SDKs/current/sdk-core/pebble/aplite/lib/libpebble.a(tmp1DSiDppebble.o)
                0x0000000000003f8c                animation_set_duration
 .text.animation_set_handlers
                0x0000000000003f98        0xc /Users/Gon/Library/Application Support/Pebble SDK/SDKs/current/sdk-core/pebble/aplite/lib/libpebble.a(tmp1DSiDppebble.o)
                0x0000000000003f98                animation_set_handlers
 .text.animation_unschedule
                0x0000000000003fa4        0xc /Users/Gon/Library/Application Support/Pebble SDK/SDKs/current/sdk-core/pebble/aplite/lib/libpebble.a(tmp1DSiDppebble.o)
                0x0000000000003fa4                animation_unschedule
 .text.property_animation_create
                0x0000000000003fb0        0xc /Users/Gon/Library/Application Support/Pebble SDK/SDKs/current/sdk-core/pebble/aplite/lib/libpebble.a(tmp1DSiDppebble.o)
                0x0000000000003fb0                property_animation_create
 .text.property_animation_destroy
                0x0000000000003fbc        0xc /Users/Gon/Library/Application Support/Pebble SDK/SDKs/current/sdk-core/pebble/aplite/lib/libpebble.a(tmp1DSiDppebble.o)
                0x0000000000003fbc                property_animation_destroy
 .text.property_animation_from
                0x0000000000003fc8        0xc /Users/Gon/Library/Application Support/Pebble SDK/SDKs/current/sdk-core/pebble/aplite/lib/libpebble.a(tmp1DSiDppebble.o)
                0x0000000000003fc8                property_animation_from
 .text.property_animation_to
                0x0000000000003fd4        0xc /Users/Gon/Library/Application Support/Pebble SDK/SDKs/current/sdk-core/pebble/aplite/lib/libpebble.a(tmp1DSiDppebble.o)
                0x0000000000003fd4                property_animation_to
 .text.property_animation_update_grect
                0x0000000000003fe0        0xc /Users/Gon/Library/Application Support/Pebble SDK/SDKs/current/sdk-core/pebble/aplite/lib/libpebble.a(tmp1DSiDppebble.o)
                0x0000000000003fe0                property_animation_update_grect
 .text.gbitmap_get_bounds
                0x0000000000003fec        0xc /Users/Gon/Library/Application Support/Pebble SDK/SDKs/current/sdk-core/pebble/aplite/lib/libpebble.a(tmp1DSiDppebble.o)
                0x0000000000003fec                gbitmap_get_bounds
 .text.gbitmap_get_format
                0x0000000000003ff8        0xc /Users/Gon/Library/Application Support/Pebble SDK/SDKs/current/sdk-core/pebble/aplite/lib/libpebble.a(tmp1DSiDppebble.o)
                0x0000000000003ff8                gbitmap_get_format
 .text.gbitmap_get_palette
                0x0000000000004004        0xc /Users/Gon/Library/Application Support/Pebble SDK/SDKs/current/sdk-core/pebble/aplite/lib/libpebble.a(tmp1DSiDppebble.o)
                0x0000000000004004                gbitmap_get_palette
 .text.gbitmap_set_palette
                0x0000000000004010        0xc /Users/Gon/Library/Application Support/Pebble SDK/SDKs/current/sdk-core/pebble/aplite/lib/libpebble.a(tmp1DSiDppebble.o)
                0x0000000000004010                gbitmap_set_palette
 .text.gbitmap_create_from_png_data
                0x000000000000401c        0xc /Users/Gon/Library/Application Support/Pebble SDK/SDKs/current/sdk-core/pebble/aplite/lib/libpebble.a(tmp1DSiDppebble.o)
                0x000000000000401c                gbitmap_create_from_png_data
 .text.launch_get_args
                0x0000000000004028        0xc /Users/Gon/Library/Application Support/Pebble SDK/SDKs/current/sdk-core/pebble/aplite/lib/libpebble.a(tmp1DSiDppebble.o)
                0x0000000000004028                launch_get_args
 .text.menu_layer_create
                0x0000000000004034        0xc /Users/Gon/Library/Application Support/Pebble SDK/SDKs/current/sdk-core/pebble/aplite/lib/libpebble.a(tmp1DSiDppebble.o)
                0x0000000000004034                menu_layer_create
 .text.graphics_context_set_antialiased
                0x0000000000004040        0xc /Users/Gon/Library/Application Support/Pebble SDK/SDKs/current/sdk-core/pebble/aplite/lib/libpebble.a(tmp1DSiDppebble.o)
                0x0000000000004040                graphics_context_set_antialiased
 .text.graphics_context_set_stroke_width
                0x000000000000404c        0xc /Users/Gon/Library/Application Support/Pebble SDK/SDKs/current/sdk-core/pebble/aplite/lib/libpebble.a(tmp1DSiDppebble.o)
                0x000000000000404c                graphics_context_set_stroke_width
 .text.action_bar_layer_add_to_window
                0x0000000000004058        0xc /Users/Gon/Library/Application Support/Pebble SDK/SDKs/current/sdk-core/pebble/aplite/lib/libpebble.a(tmp1DSiDppebble.o)
                0x0000000000004058                action_bar_layer_add_to_window
 .text.action_bar_layer_clear_icon
                0x0000000000004064        0xc /Users/Gon/Library/Application Support/Pebble SDK/SDKs/current/sdk-core/pebble/aplite/lib/libpebble.a(tmp1DSiDppebble.o)
                0x0000000000004064                action_bar_layer_clear_icon
 .text.action_bar_layer_create
                0x0000000000004070        0xc /Users/Gon/Library/Application Support/Pebble SDK/SDKs/current/sdk-core/pebble/aplite/lib/libpebble.a(tmp1DSiDppebble.o)
                0x0000000000004070                action_bar_layer_create
 .text.action_bar_layer_destroy
                0x000000000000407c        0xc /Users/Gon/Library/Application Support/Pebble SDK/SDKs/current/sdk-core/pebble/aplite/lib/libpebble.a(tmp1DSiDppebble.o)
                0x000000000000407c                action_bar_layer_destroy
 .text.action_bar_layer_get_layer
                0x0000000000004088        0xc /Users/Gon/Library/Application Support/Pebble SDK/SDKs/current/sdk-core/pebble/aplite/lib/libpebble.a(tmp1DSiDppebble.o)
                0x0000000000004088                action_bar_layer_get_layer
 .text.action_bar_layer_remove_from_window
                0x0000000000004094        0xc /Users/Gon/Library/Application Support/Pebble SDK/SDKs/current/sdk-core/pebble/aplite/lib/libpebble.a(tmp1DSiDppebble.o)
                0x0000000000004094                action_bar_layer_remove_from_window
 .text.action_bar_layer_set_background_color
                0x00000000000040a0        0xc /Users/Gon/Library/Application Support/Pebble SDK/SDKs/current/sdk-core/pebble/aplite/lib/libpebble.a(tmp1DSiDppebble.o)
                0x00000000000040a0                action_bar_layer_set_background_color
 .text.action_bar_layer_set_click_config_provider
                0x00000000000040ac        0xc /Users/Gon/Library/Application Support/Pebble SDK/SDKs/current/sdk-core/pebble/aplite/lib/libpebble.a(tmp1DSiDppebble.o)
                0x00000000000040ac                action_bar_layer_set_click_config_provider
 .text.action_bar_layer_set_context
                0x00000000000040b8        0xc /Users/Gon/Library/Application Support/Pebble SDK/SDKs/current/sdk-core/pebble/aplite/lib/libpebble.a(tmp1DSiDppebble.o)
                0x00000000000040b8                action_bar_layer_set_context
 .text.action_bar_layer_set_icon
                0x00000000000040c4        0xc /Users/Gon/Library/Application Support/Pebble SDK/SDKs/current/sdk-core/pebble/aplite/lib/libpebble.a(tmp1DSiDppebble.o)
                0x00000000000040c4                action_bar_layer_set_icon
 .text.menu_cell_layer_is_highlighted
                0x00000000000040d0        0xc /Users/Gon/Library/Application Support/Pebble SDK/SDKs/current/sdk-core/pebble/aplite/lib/libpebble.a(tmp1DSiDppebble.o)
                0x00000000000040d0                menu_cell_layer_is_highlighted
 .text.time     0x00000000000040dc        0xc /Users/Gon/Library/Application Support/Pebble SDK/SDKs/current/sdk-core/pebble/aplite/lib/libpebble.a(tmp1DSiDppebble.o)
                0x00000000000040dc                time
 .text.menu_layer_set_highlight_colors
                0x00000000000040e8        0xc /Users/Gon/Library/Application Support/Pebble SDK/SDKs/current/sdk-core/pebble/aplite/lib/libpebble.a(tmp1DSiDppebble.o)
                0x00000000000040e8                menu_layer_set_highlight_colors
 .text.menu_layer_set_normal_colors
                0x00000000000040f4        0xc /Users/Gon/Library/Application Support/Pebble SDK/SDKs/current/sdk-core/pebble/aplite/lib/libpebble.a(tmp1DSiDppebble.o)
                0x00000000000040f4                menu_layer_set_normal_colors
 .text.menu_layer_set_callbacks
                0x0000000000004100        0xc /Users/Gon/Library/Application Support/Pebble SDK/SDKs/current/sdk-core/pebble/aplite/lib/libpebble.a(tmp1DSiDppebble.o)
                0x0000000000004100                menu_layer_set_callbacks
 .text.status_bar_layer_create
                0x000000000000410c        0xc /Users/Gon/Library/Application Support/Pebble SDK/SDKs/current/sdk-core/pebble/aplite/lib/libpebble.a(tmp1DSiDppebble.o)
                0x000000000000410c                status_bar_layer_create
 .text.status_bar_layer_destroy
                0x0000000000004118        0xc /Users/Gon/Library/Application Support/Pebble SDK/SDKs/current/sdk-core/pebble/aplite/lib/libpebble.a(tmp1DSiDppebble.o)
                0x0000000000004118                status_bar_layer_destroy
 .text.status_bar_layer_get_layer
                0x0000000000004124        0xc /Users/Gon/Library/Application Support/Pebble SDK/SDKs/current/sdk-core/pebble/aplite/lib/libpebble.a(tmp1DSiDppebble.o)
                0x0000000000004124                status_bar_layer_get_layer
 .text.status_bar_layer_set_colors
                0x0000000000004130        0xc /Users/Gon/Library/Application Support/Pebble SDK/SDKs/current/sdk-core/pebble/aplite/lib/libpebble.a(tmp1DSiDppebble.o)
                0x0000000000004130                status_bar_layer_set_colors
 .text.status_bar_layer_set_separator_mode
                0x000000000000413c        0xc /Users/Gon/Library/Application Support/Pebble SDK/SDKs/current/sdk-core/pebble/aplite/lib/libpebble.a(tmp1DSiDppebble.o)
                0x000000000000413c                status_bar_layer_set_separator_mode
 .text.time_ms  0x0000000000004148        0xc /Users/Gon/Library/Application Support/Pebble SDK/SDKs/current/sdk-core/pebble/aplite/lib/libpebble.a(tmp1DSiDppebble.o)
                0x0000000000004148                time_ms
 .text.grect_inset
                0x0000000000004154        0xc /Users/Gon/Library/Application Support/Pebble SDK/SDKs/current/sdk-core/pebble/aplite/lib/libpebble.a(tmp1DSiDppebble.o)
                0x0000000000004154                grect_inset
 .text.gpoint_from_polar
                0x0000000000004160        0xc /Users/Gon/Library/Application Support/Pebble SDK/SDKs/current/sdk-core/pebble/aplite/lib/libpebble.a(tmp1DSiDppebble.o)
                0x0000000000004160                gpoint_from_polar
 .text.graphics_draw_arc
                0x000000000000416c        0xc /Users/Gon/Library/Application Support/Pebble SDK/SDKs/current/sdk-core/pebble/aplite/lib/libpebble.a(tmp1DSiDppebble.o)
                0x000000000000416c                graphics_draw_arc
 .text.graphics_fill_radial
                0x0000000000004178        0xc /Users/Gon/Library/Application Support/Pebble SDK/SDKs/current/sdk-core/pebble/aplite/lib/libpebble.a(tmp1DSiDppebble.o)
                0x0000000000004178                graphics_fill_radial
 .text.graphics_text_attributes_create
                0x0000000000004184        0xc /Users/Gon/Library/Application Support/Pebble SDK/SDKs/current/sdk-core/pebble/aplite/lib/libpebble.a(tmp1DSiDppebble.o)
                0x0000000000004184                graphics_text_attributes_create
 .text.graphics_text_attributes_destroy
                0x0000000000004190        0xc /Users/Gon/Library/Application Support/Pebble SDK/SDKs/current/sdk-core/pebble/aplite/lib/libpebble.a(tmp1DSiDppebble.o)
                0x0000000000004190                graphics_text_attributes_destroy
 .text.graphics_text_layout_get_content_size_with_attributes
                0x000000000000419c        0xc /Users/Gon/Library/Application Support/Pebble SDK/SDKs/current/sdk-core/pebble/aplite/lib/libpebble.a(tmp1DSiDppebble.o)
                0x000000000000419c                graphics_text_layout_get_content_size_with_attributes
 .text.scroll_layer_set_paging
                0x00000000000041a8        0xc /Users/Gon/Library/Application Support/Pebble SDK/SDKs/current/sdk-core/pebble/aplite/lib/libpebble.a(tmp1DSiDppebble.o)
                0x00000000000041a8                scroll_layer_set_paging
 *(.rodata)
 *(.rodata*)
 .rodata.str1.1
                0x00000000000041b4       0x1b src/simply/simply_menu.c.22.o
                                         0x1c (size before relaxing)
 .rodata.str1.1
                0x00000000000041cf       0x26 src/simply/simply_msg.c.22.o
 .rodata.str1.1
                0x00000000000041f5       0x16 src/simply/simply_stage.c.22.o
 .rodata.CSWTCH.22
                0x000000000000420b        0x7 src/simply/simply_stage.c.22.o
 .rodata.str1.1
                0x0000000000004212       0x7d src/simply/simply_ui.c.22.o

.glue_7         0x0000000000004290        0x0
 .glue_7        0x0000000000000000        0x0 linker stubs

.glue_7t        0x0000000000004290        0x0
 .glue_7t       0x0000000000000000        0x0 linker stubs

.vfp11_veneer   0x0000000000004290        0x0
 .vfp11_veneer  0x0000000000000000        0x0 linker stubs

.v4_bx          0x0000000000004290        0x0
 .v4_bx         0x0000000000000000        0x0 linker stubs

.iplt           0x0000000000004290        0x0
 .iplt          0x0000000000000000        0x0 /Users/Gon/Projects/pebble/pebble-dev/pebble-sdk-4.2-mac/arm-cs-tools/bin/../lib/gcc/arm-none-eabi/4.7.2/thumb2/crtbegin.o

.rel.dyn        0x0000000000004290        0x0
 .rel.iplt      0x0000000000000000        0x0 /Users/Gon/Projects/pebble/pebble-dev/pebble-sdk-4.2-mac/arm-cs-tools/bin/../lib/gcc/arm-none-eabi/4.7.2/thumb2/crtbegin.o

.ARM.exidx      0x0000000000004290        0x8
 .ARM.exidx     0x0000000000004290        0x8 /Users/Gon/Projects/pebble/pebble-dev/pebble-sdk-4.2-mac/arm-cs-tools/bin/../lib/gcc/arm-none-eabi/4.7.2/thumb2/libgcc.a(_divdi3.o)
 .ARM.exidx     0x0000000000004298        0x0 /Users/Gon/Projects/pebble/pebble-dev/pebble-sdk-4.2-mac/arm-cs-tools/bin/../lib/gcc/arm-none-eabi/4.7.2/thumb2/libgcc.a(_udivdi3.o)
                                          0x8 (size before relaxing)

.data           0x0000000000004298       0xae
 *(.data)
 .data          0x0000000000004298        0x0 /Users/Gon/Projects/pebble/pebble-dev/pebble-sdk-4.2-mac/arm-cs-tools/bin/../lib/gcc/arm-none-eabi/4.7.2/thumb2/crti.o
 .data          0x0000000000004298        0x4 /Users/Gon/Projects/pebble/pebble-dev/pebble-sdk-4.2-mac/arm-cs-tools/bin/../lib/gcc/arm-none-eabi/4.7.2/thumb2/crtbegin.o
                0x0000000000004298                __dso_handle
 .data          0x000000000000429c        0x0 src/main.c.22.o
 .data          0x000000000000429c        0x0 src/simply/simply.c.22.o
 .data          0x000000000000429c        0x0 src/simply/simply_accel.c.22.o
 .data          0x000000000000429c        0x0 src/simply/simply_menu.c.22.o
 .data          0x000000000000429c        0x0 src/simply/simply_msg.c.22.o
 .data          0x000000000000429c        0x0 src/simply/simply_res.c.22.o
 .data          0x000000000000429c        0x0 src/simply/simply_splash.c.22.o
 .data          0x000000000000429c        0x0 src/simply/simply_stage.c.22.o
 .data          0x000000000000429c        0x0 src/simply/simply_ui.c.22.o
 .data          0x000000000000429c        0x0 src/simply/simply_voice.c.22.o
 .data          0x000000000000429c        0x0 src/simply/simply_wakeup.c.22.o
 .data          0x000000000000429c        0x0 src/simply/simply_window.c.22.o
 .data          0x000000000000429c        0x0 src/simply/simply_window_stack.c.22.o
 .data          0x000000000000429c        0x0 aplite/appinfo.auto.c.22.o
 .data          0x000000000000429c        0x0 /Users/Gon/Library/Application Support/Pebble SDK/SDKs/current/sdk-core/pebble/aplite/lib/libpebble.a(tmp1DSiDppebble.o)
 .data          0x000000000000429c        0x0 /Users/Gon/Projects/pebble/pebble-dev/pebble-sdk-4.2-mac/arm-cs-tools/bin/../lib/gcc/arm-none-eabi/4.7.2/thumb2/libgcc.a(_aeabi_ldivmod.o)
 .data          0x000000000000429c        0x0 /Users/Gon/Projects/pebble/pebble-dev/pebble-sdk-4.2-mac/arm-cs-tools/bin/../lib/gcc/arm-none-eabi/4.7.2/thumb2/libgcc.a(bpabi.o)
 .data          0x000000000000429c        0x0 /Users/Gon/Projects/pebble/pebble-dev/pebble-sdk-4.2-mac/arm-cs-tools/bin/../lib/gcc/arm-none-eabi/4.7.2/thumb2/libgcc.a(_dvmd_tls.o)
 .data          0x000000000000429c        0x0 /Users/Gon/Projects/pebble/pebble-dev/pebble-sdk-4.2-mac/arm-cs-tools/bin/../lib/gcc/arm-none-eabi/4.7.2/thumb2/libgcc.a(_divdi3.o)
 .data          0x000000000000429c        0x0 /Users/Gon/Projects/pebble/pebble-dev/pebble-sdk-4.2-mac/arm-cs-tools/bin/../lib/gcc/arm-none-eabi/4.7.2/thumb2/libgcc.a(_udivdi3.o)
 .data          0x000000000000429c        0x0 /Users/Gon/Projects/pebble/pebble-dev/pebble-sdk-4.2-mac/arm-cs-tools/bin/../lib/gcc/arm-none-eabi/4.7.2/thumb2/libgcc.a(_udivsi3.o)
 .data          0x000000000000429c        0x0 /Users/Gon/Projects/pebble/pebble-dev/pebble-sdk-4.2-mac/arm-cs-tools/bin/../lib/gcc/arm-none-eabi/4.7.2/thumb2/crtend.o
 .data          0x000000000000429c        0x0 /Users/Gon/Projects/pebble/pebble-dev/pebble-sdk-4.2-mac/arm-cs-tools/bin/../lib/gcc/arm-none-eabi/4.7.2/thumb2/crtn.o
 *(.data.*)
 .data.rel.ro.local.s_window_handlers.8337
                0x000000000000429c       0x10 src/simply/simply_menu.c.22.o
 .data.s_normal_palette
                0x00000000000042ac        0x2 src/simply/simply_menu.c.22.o
 .data.s_inverted_palette
                0x00000000000042ae        0x2 src/simply/simply_menu.c.22.o
 .data.rel.ro.local.s_window_handlers.8378
                0x00000000000042b0       0x10 src/simply/simply_stage.c.22.o
 .data.rel.ro.implementation.8252
                0x00000000000042c0       0x14 src/simply/simply_stage.c.22.o
 .data.rel.ro.local.s_window_handlers.8119
                0x00000000000042d4       0x10 src/simply/simply_ui.c.22.o
 .data.rel.ro.local.STYLES
                0x00000000000042e4       0x5f src/simply/simply_ui.c.22.o
 .data.s_button_palette
                0x0000000000004343        0x2 src/simply/simply_window.c.22.o
 .data.s_broadcast_window
                0x0000000000004345        0x1 src/simply/simply_window_stack.c.22.o

.igot.plt       0x0000000000004348        0x0
 .igot.plt      0x0000000000000000        0x0 /Users/Gon/Projects/pebble/pebble-dev/pebble-sdk-4.2-mac/arm-cs-tools/bin/../lib/gcc/arm-none-eabi/4.7.2/thumb2/crtbegin.o

.bss            0x0000000000004348      0x114
 *(.bss)
 *(.bss.*)
 .bss.s_accel   0x0000000000004348        0x4 src/simply/simply_accel.c.22.o
 .bss.s_provider.7893
                0x000000000000434c        0x4 src/simply/simply_menu.c.22.o
 .bss.s_has_communicated
                0x0000000000004350        0x1 src/simply/simply_msg.c.22.o
 *fill*         0x0000000000004351        0x3 
 .bss.s_msg     0x0000000000004354        0x4 src/simply/simply_msg.c.22.o
 .bss.time_text.8139
                0x0000000000004358      0x100 src/simply/simply_stage.c.22.o
 .bss.s_provider.7889
                0x0000000000004458        0x4 src/simply/simply_window.c.22.o

DISCARD
 libc.a(*)
 libm.a(*)
 libgcc.a(*)
 *(.eh_frame)
OUTPUT(/Users/Gon/Projects/pebble/tennis-poc/build/aplite/pebble-app.elf elf32-littlearm)

.ARM.attributes
                0x0000000000000000       0x27
 .ARM.attributes
                0x0000000000000000       0x19 /Users/Gon/Projects/pebble/pebble-dev/pebble-sdk-4.2-mac/arm-cs-tools/bin/../lib/gcc/arm-none-eabi/4.7.2/thumb2/crti.o
 .ARM.attributes
                0x0000000000000019       0x29 /Users/Gon/Projects/pebble/pebble-dev/pebble-sdk-4.2-mac/arm-cs-tools/bin/../lib/gcc/arm-none-eabi/4.7.2/thumb2/crtbegin.o
 .ARM.attributes
                0x0000000000000042       0x33 src/main.c.22.o
 .ARM.attributes
                0x0000000000000075       0x33 src/simply/simply.c.22.o
 .ARM.attributes
                0x00000000000000a8       0x33 src/simply/simply_accel.c.22.o
 .ARM.attributes
                0x00000000000000db       0x33 src/simply/simply_menu.c.22.o
 .ARM.attributes
                0x000000000000010e       0x33 src/simply/simply_msg.c.22.o
 .ARM.attributes
                0x0000000000000141       0x33 src/simply/simply_res.c.22.o
 .ARM.attributes
                0x0000000000000174       0x33 src/simply/simply_splash.c.22.o
 .ARM.attributes
                0x00000000000001a7       0x33 src/simply/simply_stage.c.22.o
 .ARM.attributes
                0x00000000000001da       0x33 src/simply/simply_ui.c.22.o
 .ARM.attributes
                0x000000000000020d       0x33 src/simply/simply_voice.c.22.o
 .ARM.attributes
                0x0000000000000240       0x33 src/simply/simply_wakeup.c.22.o
 .ARM.attributes
                0x0000000000000273       0x33 src/simply/simply_window.c.22.o
 .ARM.attributes
                0x00000000000002a6       0x33 src/simply/simply_window_stack.c.22.o
 .ARM.attributes
                0x00000000000002d9       0x33 aplite/appinfo.auto.c.22.o
 .ARM.attributes
                0x000000000000030c       0x21 /Users/Gon/Library/Application Support/Pebble SDK/SDKs/current/sdk-core/pebble/aplite/lib/libpebble.a(tmp1DSiDppebble.o)
 .ARM.attributes
                0x000000000000032d       0x19 /Users/Gon/Projects/pebble/pebble-dev/pebble-sdk-4.2-mac/arm-cs-tools/bin/../lib/gcc/arm-none-eabi/4.7.2/thumb2/libgcc.a(_aeabi_ldivmod.o)
 .ARM.attributes
                0x0000000000000346       0x29 /Users/Gon/Projects/pebble/pebble-dev/pebble-sdk-4.2-mac/arm-cs-tools/bin/../lib/gcc/arm-none-eabi/4.7.2/thumb2/libgcc.a(bpabi.o)
 .ARM.attributes
                0x000000000000036f       0x19 /Users/Gon/Projects/pebble/pebble-dev/pebble-sdk-4.2-mac/arm-cs-tools/bin/../lib/gcc/arm-none-eabi/4.7.2/thumb2/libgcc.a(_dvmd_tls.o)
 .ARM.attributes
                0x0000000000000388       0x29 /Users/Gon/Projects/pebble/pebble-dev/pebble-sdk-4.2-mac/arm-cs-tools/bin/../lib/gcc/arm-none-eabi/4.7.2/thumb2/libgcc.a(_divdi3.o)
 .ARM.attributes
                0x00000000000003b1       0x29 /Users/Gon/Projects/pebble/pebble-dev/pebble-sdk-4.2-mac/arm-cs-tools/bin/../lib/gcc/arm-none-eabi/4.7.2/thumb2/libgcc.a(_udivdi3.o)
 .ARM.attributes
                0x00000000000003da       0x19 /Users/Gon/Projects/pebble/pebble-dev/pebble-sdk-4.2-mac/arm-cs-tools/bin/../lib/gcc/arm-none-eabi/4.7.2/thumb2/libgcc.a(_udivsi3.o)
 .ARM.attributes
                0x00000000000003f3       0x29 /Users/Gon/Projects/pebble/pebble-dev/pebble-sdk-4.2-mac/arm-cs-tools/bin/../lib/gcc/arm-none-eabi/4.7.2/thumb2/crtend.o
 .ARM.attributes
                0x000000000000041c       0x19 /Users/Gon/Projects/pebble/pebble-dev/pebble-sdk-4.2-mac/arm-cs-tools/bin/../lib/gcc/arm-none-eabi/4.7.2/thumb2/crtn.o

.comment        0x0000000000000000       0x4e
 .comment       0x0000000000000000       0x4e /Users/Gon/Projects/pebble/pebble-dev/pebble-sdk-4.2-mac/arm-cs-tools/bin/../lib/gcc/arm-none-eabi/4.7.2/thumb2/crtbegin.o
                                         0x4f (size before relaxing)
 .comment       0x0000000000000000       0x4f src/main.c.22.o
 .comment       0x0000000000000000       0x4f src/simply/simply.c.22.o
 .comment       0x0000000000000000       0x4f src/simply/simply_accel.c.22.o
 .comment       0x0000000000000000       0x4f src/simply/simply_menu.c.22.o
 .comment       0x0000000000000000       0x4f src/simply/simply_msg.c.22.o
 .comment       0x0000000000000000       0x4f src/simply/simply_res.c.22.o
 .comment       0x0000000000000000       0x4f src/simply/simply_splash.c.22.o
 .comment       0x0000000000000000       0x4f src/simply/simply_stage.c.22.o
 .comment       0x0000000000000000       0x4f src/simply/simply_ui.c.22.o
 .comment       0x0000000000000000       0x4f src/simply/simply_voice.c.22.o
 .comment       0x0000000000000000       0x4f src/simply/simply_wakeup.c.22.o
 .comment       0x0000000000000000       0x4f src/simply/simply_window.c.22.o
 .comment       0x0000000000000000       0x4f src/simply/simply_window_stack.c.22.o
 .comment       0x0000000000000000       0x4f aplite/appinfo.auto.c.22.o
 .comment       0x0000000000000000       0x4f /Users/Gon/Projects/pebble/pebble-dev/pebble-sdk-4.2-mac/arm-cs-tools/bin/../lib/gcc/arm-none-eabi/4.7.2/thumb2/libgcc.a(bpabi.o)
 .comment       0x0000000000000000       0x4f /Users/Gon/Projects/pebble/pebble-dev/pebble-sdk-4.2-mac/arm-cs-tools/bin/../lib/gcc/arm-none-eabi/4.7.2/thumb2/libgcc.a(_divdi3.o)
 .comment       0x0000000000000000       0x4f /Users/Gon/Projects/pebble/pebble-dev/pebble-sdk-4.2-mac/arm-cs-tools/bin/../lib/gcc/arm-none-eabi/4.7.2/thumb2/libgcc.a(_udivdi3.o)
 .comment       0x0000000000000000       0x4f /Users/Gon/Projects/pebble/pebble-dev/pebble-sdk-4.2-mac/arm-cs-tools/bin/../lib/gcc/arm-none-eabi/4.7.2/thumb2/crtend.o

.debug_info     0x0000000000000000    0x161cc
 .debug_info    0x0000000000000000      0x256 src/main.c.22.o
 .debug_info    0x0000000000000256      0xcbc src/simply/simply.c.22.o
 .debug_info    0x0000000000000f12      0xd76 src/simply/simply_accel.c.22.o
 .debug_info    0x0000000000001c88     0x4191 src/simply/simply_menu.c.22.o
 .debug_info    0x0000000000005e19     0x2499 src/simply/simply_msg.c.22.o
 .debug_info    0x00000000000082b2     0x13d4 src/simply/simply_res.c.22.o
 .debug_info    0x0000000000009686      0x8ee src/simply/simply_splash.c.22.o
 .debug_info    0x0000000000009f74     0x4631 src/simply/simply_stage.c.22.o
 .debug_info    0x000000000000e5a5     0x272e src/simply/simply_ui.c.22.o
 .debug_info    0x0000000000010cd3       0x80 src/simply/simply_voice.c.22.o
 .debug_info    0x0000000000010d53      0xba1 src/simply/simply_wakeup.c.22.o
 .debug_info    0x00000000000118f4     0x24f5 src/simply/simply_window.c.22.o
 .debug_info    0x0000000000013de9     0x104b src/simply/simply_window_stack.c.22.o
 .debug_info    0x0000000000014e34      0x31f aplite/appinfo.auto.c.22.o
 .debug_info    0x0000000000015153       0xb4 /Users/Gon/Projects/pebble/pebble-dev/pebble-sdk-4.2-mac/arm-cs-tools/bin/../lib/gcc/arm-none-eabi/4.7.2/thumb2/libgcc.a(_aeabi_ldivmod.o)
 .debug_info    0x0000000000015207      0x174 /Users/Gon/Projects/pebble/pebble-dev/pebble-sdk-4.2-mac/arm-cs-tools/bin/../lib/gcc/arm-none-eabi/4.7.2/thumb2/libgcc.a(bpabi.o)
 .debug_info    0x000000000001537b       0xb8 /Users/Gon/Projects/pebble/pebble-dev/pebble-sdk-4.2-mac/arm-cs-tools/bin/../lib/gcc/arm-none-eabi/4.7.2/thumb2/libgcc.a(_dvmd_tls.o)
 .debug_info    0x0000000000015433      0x68f /Users/Gon/Projects/pebble/pebble-dev/pebble-sdk-4.2-mac/arm-cs-tools/bin/../lib/gcc/arm-none-eabi/4.7.2/thumb2/libgcc.a(_divdi3.o)
 .debug_info    0x0000000000015ac2      0x652 /Users/Gon/Projects/pebble/pebble-dev/pebble-sdk-4.2-mac/arm-cs-tools/bin/../lib/gcc/arm-none-eabi/4.7.2/thumb2/libgcc.a(_udivdi3.o)
 .debug_info    0x0000000000016114       0xb8 /Users/Gon/Projects/pebble/pebble-dev/pebble-sdk-4.2-mac/arm-cs-tools/bin/../lib/gcc/arm-none-eabi/4.7.2/thumb2/libgcc.a(_udivsi3.o)

.debug_abbrev   0x0000000000000000     0x349d
 .debug_abbrev  0x0000000000000000      0x14d src/main.c.22.o
 .debug_abbrev  0x000000000000014d      0x28b src/simply/simply.c.22.o
 .debug_abbrev  0x00000000000003d8      0x354 src/simply/simply_accel.c.22.o
 .debug_abbrev  0x000000000000072c      0x5e0 src/simply/simply_menu.c.22.o
 .debug_abbrev  0x0000000000000d0c      0x58d src/simply/simply_msg.c.22.o
 .debug_abbrev  0x0000000000001299      0x449 src/simply/simply_res.c.22.o
 .debug_abbrev  0x00000000000016e2      0x2ca src/simply/simply_splash.c.22.o
 .debug_abbrev  0x00000000000019ac      0x5a9 src/simply/simply_stage.c.22.o
 .debug_abbrev  0x0000000000001f55      0x523 src/simply/simply_ui.c.22.o
 .debug_abbrev  0x0000000000002478       0x26 src/simply/simply_voice.c.22.o
 .debug_abbrev  0x000000000000249e      0x30b src/simply/simply_wakeup.c.22.o
 .debug_abbrev  0x00000000000027a9      0x4e5 src/simply/simply_window.c.22.o
 .debug_abbrev  0x0000000000002c8e      0x3e2 src/simply/simply_window_stack.c.22.o
 .debug_abbrev  0x0000000000003070       0x9e aplite/appinfo.auto.c.22.o
 .debug_abbrev  0x000000000000310e       0x14 /Users/Gon/Projects/pebble/pebble-dev/pebble-sdk-4.2-mac/arm-cs-tools/bin/../lib/gcc/arm-none-eabi/4.7.2/thumb2/libgcc.a(_aeabi_ldivmod.o)
 .debug_abbrev  0x0000000000003122       0xb7 /Users/Gon/Projects/pebble/pebble-dev/pebble-sdk-4.2-mac/arm-cs-tools/bin/../lib/gcc/arm-none-eabi/4.7.2/thumb2/libgcc.a(bpabi.o)
 .debug_abbrev  0x00000000000031d9       0x14 /Users/Gon/Projects/pebble/pebble-dev/pebble-sdk-4.2-mac/arm-cs-tools/bin/../lib/gcc/arm-none-eabi/4.7.2/thumb2/libgcc.a(_dvmd_tls.o)
 .debug_abbrev  0x00000000000031ed      0x151 /Users/Gon/Projects/pebble/pebble-dev/pebble-sdk-4.2-mac/arm-cs-tools/bin/../lib/gcc/arm-none-eabi/4.7.2/thumb2/libgcc.a(_divdi3.o)
 .debug_abbrev  0x000000000000333e      0x14b /Users/Gon/Projects/pebble/pebble-dev/pebble-sdk-4.2-mac/arm-cs-tools/bin/../lib/gcc/arm-none-eabi/4.7.2/thumb2/libgcc.a(_udivdi3.o)
 .debug_abbrev  0x0000000000003489       0x14 /Users/Gon/Projects/pebble/pebble-dev/pebble-sdk-4.2-mac/arm-cs-tools/bin/../lib/gcc/arm-none-eabi/4.7.2/thumb2/libgcc.a(_udivsi3.o)

.debug_loc      0x0000000000000000     0x9d60
 .debug_loc     0x0000000000000000       0x3e src/main.c.22.o
 .debug_loc     0x000000000000003e       0x7c src/simply/simply.c.22.o
 .debug_loc     0x00000000000000ba      0x4dc src/simply/simply_accel.c.22.o
 .debug_loc     0x0000000000000596     0x1dc1 src/simply/simply_menu.c.22.o
 .debug_loc     0x0000000000002357      0xbc5 src/simply/simply_msg.c.22.o
 .debug_loc     0x0000000000002f1c      0xccb src/simply/simply_res.c.22.o
 .debug_loc     0x0000000000003be7      0x1ec src/simply/simply_splash.c.22.o
 .debug_loc     0x0000000000003dd3     0x1796 src/simply/simply_stage.c.22.o
 .debug_loc     0x0000000000005569     0x115a src/simply/simply_ui.c.22.o
 .debug_loc     0x00000000000066c3      0x340 src/simply/simply_wakeup.c.22.o
 .debug_loc     0x0000000000006a03      0xdb0 src/simply/simply_window.c.22.o
 .debug_loc     0x00000000000077b3      0x6aa src/simply/simply_window_stack.c.22.o
 .debug_loc     0x0000000000007e5d       0xe0 /Users/Gon/Projects/pebble/pebble-dev/pebble-sdk-4.2-mac/arm-cs-tools/bin/../lib/gcc/arm-none-eabi/4.7.2/thumb2/libgcc.a(bpabi.o)
 .debug_loc     0x0000000000007f3d      0xebd /Users/Gon/Projects/pebble/pebble-dev/pebble-sdk-4.2-mac/arm-cs-tools/bin/../lib/gcc/arm-none-eabi/4.7.2/thumb2/libgcc.a(_divdi3.o)
 .debug_loc     0x0000000000008dfa      0xf66 /Users/Gon/Projects/pebble/pebble-dev/pebble-sdk-4.2-mac/arm-cs-tools/bin/../lib/gcc/arm-none-eabi/4.7.2/thumb2/libgcc.a(_udivdi3.o)

.debug_aranges  0x0000000000000000      0x720
 .debug_aranges
                0x0000000000000000       0x20 src/main.c.22.o
 .debug_aranges
                0x0000000000000020       0x28 src/simply/simply.c.22.o
 .debug_aranges
                0x0000000000000048       0x50 src/simply/simply_accel.c.22.o
 .debug_aranges
                0x0000000000000098      0x130 src/simply/simply_menu.c.22.o
 .debug_aranges
                0x00000000000001c8       0x88 src/simply/simply_msg.c.22.o
 .debug_aranges
                0x0000000000000250       0xb0 src/simply/simply_res.c.22.o
 .debug_aranges
                0x0000000000000300       0x40 src/simply/simply_splash.c.22.o
 .debug_aranges
                0x0000000000000340       0xe0 src/simply/simply_stage.c.22.o
 .debug_aranges
                0x0000000000000420       0x98 src/simply/simply_ui.c.22.o
 .debug_aranges
                0x00000000000004b8       0x18 src/simply/simply_voice.c.22.o
 .debug_aranges
                0x00000000000004d0       0x38 src/simply/simply_wakeup.c.22.o
 .debug_aranges
                0x0000000000000508       0xd0 src/simply/simply_window.c.22.o
 .debug_aranges
                0x00000000000005d8       0x70 src/simply/simply_window_stack.c.22.o
 .debug_aranges
                0x0000000000000648       0x18 aplite/appinfo.auto.c.22.o
 .debug_aranges
                0x0000000000000660       0x20 /Users/Gon/Projects/pebble/pebble-dev/pebble-sdk-4.2-mac/arm-cs-tools/bin/../lib/gcc/arm-none-eabi/4.7.2/thumb2/libgcc.a(_aeabi_ldivmod.o)
 .debug_aranges
                0x0000000000000680       0x20 /Users/Gon/Projects/pebble/pebble-dev/pebble-sdk-4.2-mac/arm-cs-tools/bin/../lib/gcc/arm-none-eabi/4.7.2/thumb2/libgcc.a(bpabi.o)
 .debug_aranges
                0x00000000000006a0       0x20 /Users/Gon/Projects/pebble/pebble-dev/pebble-sdk-4.2-mac/arm-cs-tools/bin/../lib/gcc/arm-none-eabi/4.7.2/thumb2/libgcc.a(_dvmd_tls.o)
 .debug_aranges
                0x00000000000006c0       0x20 /Users/Gon/Projects/pebble/pebble-dev/pebble-sdk-4.2-mac/arm-cs-tools/bin/../lib/gcc/arm-none-eabi/4.7.2/thumb2/libgcc.a(_divdi3.o)
 .debug_aranges
                0x00000000000006e0       0x20 /Users/Gon/Projects/pebble/pebble-dev/pebble-sdk-4.2-mac/arm-cs-tools/bin/../lib/gcc/arm-none-eabi/4.7.2/thumb2/libgcc.a(_udivdi3.o)
 .debug_aranges
                0x0000000000000700       0x20 /Users/Gon/Projects/pebble/pebble-dev/pebble-sdk-4.2-mac/arm-cs-tools/bin/../lib/gcc/arm-none-eabi/4.7.2/thumb2/libgcc.a(_udivsi3.o)

.debug_ranges   0x0000000000000000     0x1310
 .debug_ranges  0x0000000000000000       0x10 src/main.c.22.o
 .debug_ranges  0x0000000000000010       0x18 src/simply/simply.c.22.o
 .debug_ranges  0x0000000000000028       0x88 src/simply/simply_accel.c.22.o
 .debug_ranges  0x00000000000000b0      0x360 src/simply/simply_menu.c.22.o
 .debug_ranges  0x0000000000000410      0x350 src/simply/simply_msg.c.22.o
 .debug_ranges  0x0000000000000760       0xe8 src/simply/simply_res.c.22.o
 .debug_ranges  0x0000000000000848       0x30 src/simply/simply_splash.c.22.o
 .debug_ranges  0x0000000000000878      0x450 src/simply/simply_stage.c.22.o
 .debug_ranges  0x0000000000000cc8      0x210 src/simply/simply_ui.c.22.o
 .debug_ranges  0x0000000000000ed8       0x58 src/simply/simply_wakeup.c.22.o
 .debug_ranges  0x0000000000000f30      0x120 src/simply/simply_window.c.22.o
 .debug_ranges  0x0000000000001050       0xc0 src/simply/simply_window_stack.c.22.o
 .debug_ranges  0x0000000000001110      0x108 /Users/Gon/Projects/pebble/pebble-dev/pebble-sdk-4.2-mac/arm-cs-tools/bin/../lib/gcc/arm-none-eabi/4.7.2/thumb2/libgcc.a(_divdi3.o)
 .debug_ranges  0x0000000000001218       0xf8 /Users/Gon/Projects/pebble/pebble-dev/pebble-sdk-4.2-mac/arm-cs-tools/bin/../lib/gcc/arm-none-eabi/4.7.2/thumb2/libgcc.a(_udivdi3.o)

.debug_line     0x0000000000000000     0x3d46
 .debug_line    0x0000000000000000       0xc5 src/main.c.22.o
 .debug_line    0x00000000000000c5      0x308 src/simply/simply.c.22.o
 .debug_line    0x00000000000003cd      0x303 src/simply/simply_accel.c.22.o
 .debug_line    0x00000000000006d0      0x95d src/simply/simply_menu.c.22.o
 .debug_line    0x000000000000102d      0x551 src/simply/simply_msg.c.22.o
 .debug_line    0x000000000000157e      0x4d8 src/simply/simply_res.c.22.o
 .debug_line    0x0000000000001a56      0x2a6 src/simply/simply_splash.c.22.o
 .debug_line    0x0000000000001cfc      0x80a src/simply/simply_stage.c.22.o
 .debug_line    0x0000000000002506      0x653 src/simply/simply_ui.c.22.o
 .debug_line    0x0000000000002b59       0x1d src/simply/simply_voice.c.22.o
 .debug_line    0x0000000000002b76      0x352 src/simply/simply_wakeup.c.22.o
 .debug_line    0x0000000000002ec8      0x5ce src/simply/simply_window.c.22.o
 .debug_line    0x0000000000003496      0x3a4 src/simply/simply_window_stack.c.22.o
 .debug_line    0x000000000000383a      0x166 aplite/appinfo.auto.c.22.o
 .debug_line    0x00000000000039a0       0x71 /Users/Gon/Projects/pebble/pebble-dev/pebble-sdk-4.2-mac/arm-cs-tools/bin/../lib/gcc/arm-none-eabi/4.7.2/thumb2/libgcc.a(_aeabi_ldivmod.o)
 .debug_line    0x0000000000003a11       0x71 /Users/Gon/Projects/pebble/pebble-dev/pebble-sdk-4.2-mac/arm-cs-tools/bin/../lib/gcc/arm-none-eabi/4.7.2/thumb2/libgcc.a(bpabi.o)
 .debug_line    0x0000000000003a82       0x6d /Users/Gon/Projects/pebble/pebble-dev/pebble-sdk-4.2-mac/arm-cs-tools/bin/../lib/gcc/arm-none-eabi/4.7.2/thumb2/libgcc.a(_dvmd_tls.o)
 .debug_line    0x0000000000003aef       0xef /Users/Gon/Projects/pebble/pebble-dev/pebble-sdk-4.2-mac/arm-cs-tools/bin/../lib/gcc/arm-none-eabi/4.7.2/thumb2/libgcc.a(_divdi3.o)
 .debug_line    0x0000000000003bde       0xd8 /Users/Gon/Projects/pebble/pebble-dev/pebble-sdk-4.2-mac/arm-cs-tools/bin/../lib/gcc/arm-none-eabi/4.7.2/thumb2/libgcc.a(_udivdi3.o)
 .debug_line    0x0000000000003cb6       0x90 /Users/Gon/Projects/pebble/pebble-dev/pebble-sdk-4.2-mac/arm-cs-tools/bin/../lib/gcc/arm-none-eabi/4.7.2/thumb2/libgcc.a(_udivsi3.o)

.debug_str      0x0000000000000000     0x4f15
 .debug_str     0x0000000000000000      0x192 src/main.c.22.o
                                        0x1d1 (size before relaxing)
 .debug_str     0x0000000000000192      0x4ec src/simply/simply.c.22.o
                                        0x764 (size before relaxing)